x1002c2s5b0n0
x1002c2s5b0n0
x1002c2s5b0n0
x1002c2s5b0n0
x1002c2s5b0n0
x1002c2s5b0n0
x1002c2s5b0n0
x1002c2s5b0n0
 GCCcore/13.2.0 loaded.
 zlib/1.2.13 loaded.
 binutils/2.40 loaded.
 bzip2/1.0.8 loaded.
 ncurses/6.4 loaded.
 libreadline/8.2 loaded.
 Tcl/8.6.13 loaded.
 SQLite/3.43.1 loaded.
 XZ/5.4.4 loaded.
 libffi/3.4.4 loaded.
 OpenSSL/1.1 loaded.
 Python/3.11.5 loaded.
pybullet build time: Jan 27 2026 10:50:49
[device] cuda

=== Loading Panda tasks ===
[TASK] PandaReach | env=PandaReachDense-v3 | data=/net/scratch/hscra/plgrid/plgdomin088/datasets/panda_expert/panda_reach_dense_1m_expert.pkl
  use_time_feature=True
  dataset obs shape: (3, 13), actions shape: (3, 3)
  env obs_space: Dict('achieved_goal': Box(-10.0, 10.0, (3,), float32), 'desired_goal': Box(-10.0, 10.0, (3,), float32), 'observation': Box([-10. -10. -10. -10. -10. -10.   0.], [10. 10. 10. 10. 10. 10.  1.], (7,), float32)), act_space: Box(-1.0, 1.0, (3,), float32)
  dataset episodes=370669 | return mean=-0.208 min=-0.633 max=-0.000
[TASK] PandaPush | env=PandaPushDense-v3 | data=/net/scratch/hscra/plgrid/plgdomin088/datasets/panda_expert/panda_push_dense_1m_expert.pkl
  use_time_feature=True
  dataset obs shape: (6, 25), actions shape: (6, 3)
  env obs_space: Dict('achieved_goal': Box(-10.0, 10.0, (3,), float32), 'desired_goal': Box(-10.0, 10.0, (3,), float32), 'observation': Box([-10. -10. -10. -10. -10. -10. -10. -10. -10. -10. -10. -10. -10. -10.
 -10. -10. -10. -10.   0.], [10. 10. 10. 10. 10. 10. 10. 10. 10. 10. 10. 10. 10. 10. 10. 10. 10. 10.
  1.], (19,), float32)), act_space: Box(-1.0, 1.0, (3,), float32)
  dataset episodes=141668 | return mean=-0.937 min=-33.158 max=-0.001
[TASK] PandaPickAndPlace | env=PandaPickAndPlaceDense-v3 | data=/net/scratch/hscra/plgrid/plgdomin088/datasets/panda_expert/panda_pick_and_place_dense_1m_expert.pkl
  use_time_feature=True
  dataset obs shape: (6, 26), actions shape: (6, 4)
  env obs_space: Dict('achieved_goal': Box(-10.0, 10.0, (3,), float32), 'desired_goal': Box(-10.0, 10.0, (3,), float32), 'observation': Box([-10. -10. -10. -10. -10. -10. -10. -10. -10. -10. -10. -10. -10. -10.
 -10. -10. -10. -10. -10.   0.], [10. 10. 10. 10. 10. 10. 10. 10. 10. 10. 10. 10. 10. 10. 10. 10. 10. 10.
 10.  1.], (20,), float32)), act_space: Box(-1.0, 1.0, (4,), float32)
  dataset episodes=119353 | return mean=-1.298 min=-57.910 max=-0.001
[lens] PandaReach: max_len=5 -> timestep_clip_max=4
[lens] PandaPush: max_len=50 -> timestep_clip_max=49
[lens] PandaPickAndPlace: max_len=50 -> timestep_clip_max=49

[global dims] obs_dim=26 (per-task=[13, 25, 26]), act_dim=4 (per-task=[3, 3, 4])
[target] PandaReach: target_return=-0.000320 (hardcoded)
[target] PandaPush: target_return=-0.436000 (hardcoded)
[target] PandaPickAndPlace: target_return=-0.001000 (hardcoded)
DTBackbone config: DTConfig(n_layer=3, n_head=1, n_embd=128, dropout=0.1, bias=False, K=20, max_ep_len=50, state_dim=128, act_discrete=False, act_vocab_size=1, act_dim=4, act_tanh=False, tanh_embeddings=False)
DTBackbone parameters: 0.61M

[run_dir] /net/home/plgrid/plgdomin088/runs/panda__tsn_improved_reuse__panda3_impr_latent__dm128_L3_H1_K20_drop0.10__rsm-latent_lthr25__r001__20260411-115943
[tasks] ['PandaReach', 'PandaPush', 'PandaPickAndPlace']
[model_signature] dm128_L3_H1_K20_drop0.10

[Task 1/3] Train on PandaReach
[tsn-improved-reuse-panda] task=0 copy=0 src=None score_mode=latent best_action=None best_latent=None best_score=None new_copy=0 it=0 bc=6.491682e-01 keep_ratio=0.3300 active_action_dim_mask=[1, 1, 1, 0]
[tsn-improved-reuse-panda] task=0 copy=0 src=None score_mode=latent best_action=None best_latent=None best_score=None new_copy=0 it=20000 bc=2.507066e-03 keep_ratio=0.3300 active_action_dim_mask=[1, 1, 1, 0]
[tsn-improved-reuse-panda] task=0 copy=0 src=None score_mode=latent best_action=None best_latent=None best_score=None new_copy=0 it=40000 bc=4.340839e-03 keep_ratio=0.3300 active_action_dim_mask=[1, 1, 1, 0]
[tsn-improved-reuse-panda] task=0 copy=0 src=None score_mode=latent best_action=None best_latent=None best_score=None new_copy=0 it=60000 bc=1.659937e-03 keep_ratio=0.3300 active_action_dim_mask=[1, 1, 1, 0]
[tsn-improved-reuse-panda] task=0 copy=0 src=None score_mode=latent best_action=None best_latent=None best_score=None new_copy=0 it=80000 bc=1.412984e-03 keep_ratio=0.3300 active_action_dim_mask=[1, 1, 1, 0]
[tsn-improved-reuse-panda] task=0 copy=0 src=None score_mode=latent best_action=None best_latent=None best_score=None new_copy=0 it=100000 bc=1.171677e-03 keep_ratio=0.3300 active_action_dim_mask=[1, 1, 1, 0]
[tsn-improved-reuse-panda] task=0 copy=0 src=None score_mode=latent best_action=None best_latent=None best_score=None new_copy=0 it=120000 bc=9.854311e-04 keep_ratio=0.3300 active_action_dim_mask=[1, 1, 1, 0]
[tsn-improved-reuse-panda] task=0 copy=0 src=None score_mode=latent best_action=None best_latent=None best_score=None new_copy=0 it=140000 bc=1.035843e-03 keep_ratio=0.3300 active_action_dim_mask=[1, 1, 1, 0]
[tsn-improved-reuse-panda] task=0 copy=0 src=None score_mode=latent best_action=None best_latent=None best_score=None new_copy=0 it=160000 bc=9.082840e-04 keep_ratio=0.3300 active_action_dim_mask=[1, 1, 1, 0]
[tsn-improved-reuse-panda] task=0 copy=0 src=None score_mode=latent best_action=None best_latent=None best_score=None new_copy=0 it=180000 bc=7.360442e-04 keep_ratio=0.3300 active_action_dim_mask=[1, 1, 1, 0]
[tsn-improved-reuse-panda] task=0 copy=0 src=None score_mode=latent best_action=None best_latent=None best_score=None new_copy=0 it=200000 bc=8.962351e-04 keep_ratio=0.3300 active_action_dim_mask=[1, 1, 1, 0]
[tsn-improved-reuse-panda] task=0 copy=0 src=None score_mode=latent best_action=None best_latent=None best_score=None new_copy=0 it=220000 bc=8.411805e-04 keep_ratio=0.3300 active_action_dim_mask=[1, 1, 1, 0]
[tsn-improved-reuse-panda] task=0 copy=0 src=None score_mode=latent best_action=None best_latent=None best_score=None new_copy=0 it=240000 bc=9.878078e-04 keep_ratio=0.3300 active_action_dim_mask=[1, 1, 1, 0]
[tsn-improved-reuse-panda] task=0 copy=0 src=None score_mode=latent best_action=None best_latent=None best_score=None new_copy=0 it=260000 bc=6.548815e-04 keep_ratio=0.3300 active_action_dim_mask=[1, 1, 1, 0]
[tsn-improved-reuse-panda] task=0 copy=0 src=None score_mode=latent best_action=None best_latent=None best_score=None new_copy=0 it=280000 bc=6.461565e-04 keep_ratio=0.3300 active_action_dim_mask=[1, 1, 1, 0]
[tsn-improved-reuse-panda] task=0 copy=0 src=None score_mode=latent best_action=None best_latent=None best_score=None new_copy=0 it=300000 bc=6.234624e-04 keep_ratio=0.3300 active_action_dim_mask=[1, 1, 1, 0]
[tsn-improved-reuse-panda] task=0 copy=0 src=None score_mode=latent best_action=None best_latent=None best_score=None new_copy=0 it=320000 bc=5.727414e-04 keep_ratio=0.3300 active_action_dim_mask=[1, 1, 1, 0]
[tsn-improved-reuse-panda] task=0 copy=0 src=None score_mode=latent best_action=None best_latent=None best_score=None new_copy=0 it=340000 bc=6.369383e-04 keep_ratio=0.3300 active_action_dim_mask=[1, 1, 1, 0]
[tsn-improved-reuse-panda] task=0 copy=0 src=None score_mode=latent best_action=None best_latent=None best_score=None new_copy=0 it=360000 bc=5.813743e-04 keep_ratio=0.3300 active_action_dim_mask=[1, 1, 1, 0]
[tsn-improved-reuse-panda] task=0 copy=0 src=None score_mode=latent best_action=None best_latent=None best_score=None new_copy=0 it=380000 bc=5.700582e-04 keep_ratio=0.3300 active_action_dim_mask=[1, 1, 1, 0]
[tsn-improved-reuse-panda] task=0 copy=0 src=None score_mode=latent best_action=None best_latent=None best_score=None new_copy=0 it=400000 bc=4.790523e-04 keep_ratio=0.3300 active_action_dim_mask=[1, 1, 1, 0]
[tsn-improved-reuse-panda] task=0 copy=0 src=None score_mode=latent best_action=None best_latent=None best_score=None new_copy=0 it=420000 bc=4.830074e-04 keep_ratio=0.3300 active_action_dim_mask=[1, 1, 1, 0]
[tsn-improved-reuse-panda] task=0 copy=0 src=None score_mode=latent best_action=None best_latent=None best_score=None new_copy=0 it=440000 bc=4.940283e-04 keep_ratio=0.3300 active_action_dim_mask=[1, 1, 1, 0]
[tsn-improved-reuse-panda] task=0 copy=0 src=None score_mode=latent best_action=None best_latent=None best_score=None new_copy=0 it=460000 bc=5.113466e-04 keep_ratio=0.3300 active_action_dim_mask=[1, 1, 1, 0]
[tsn-improved-reuse-panda] task=0 copy=0 src=None score_mode=latent best_action=None best_latent=None best_score=None new_copy=0 it=480000 bc=4.250052e-04 keep_ratio=0.3300 active_action_dim_mask=[1, 1, 1, 0]
[tsn-improved-reuse-panda] task=0 copy=0 src=None score_mode=latent best_action=None best_latent=None best_score=None new_copy=0 it=500000 bc=4.034925e-04 keep_ratio=0.3300 active_action_dim_mask=[1, 1, 1, 0]
[tsn-improved-reuse-panda] task=0 copy=0 src=None score_mode=latent best_action=None best_latent=None best_score=None new_copy=0 it=520000 bc=4.719053e-04 keep_ratio=0.3300 active_action_dim_mask=[1, 1, 1, 0]
[tsn-improved-reuse-panda] task=0 copy=0 src=None score_mode=latent best_action=None best_latent=None best_score=None new_copy=0 it=540000 bc=4.506081e-04 keep_ratio=0.3300 active_action_dim_mask=[1, 1, 1, 0]
[tsn-improved-reuse-panda] task=0 copy=0 src=None score_mode=latent best_action=None best_latent=None best_score=None new_copy=0 it=560000 bc=5.168198e-04 keep_ratio=0.3300 active_action_dim_mask=[1, 1, 1, 0]
[tsn-improved-reuse-panda] task=0 copy=0 src=None score_mode=latent best_action=None best_latent=None best_score=None new_copy=0 it=580000 bc=4.633891e-04 keep_ratio=0.3300 active_action_dim_mask=[1, 1, 1, 0]
[tsn-improved-reuse-panda] task=0 copy=0 src=None score_mode=latent best_action=None best_latent=None best_score=None new_copy=0 it=600000 bc=3.771480e-04 keep_ratio=0.3300 active_action_dim_mask=[1, 1, 1, 0]
[tsn-improved-reuse-panda] task=0 copy=0 src=None score_mode=latent best_action=None best_latent=None best_score=None new_copy=0 it=620000 bc=3.445832e-04 keep_ratio=0.3300 active_action_dim_mask=[1, 1, 1, 0]
[tsn-improved-reuse-panda] task=0 copy=0 src=None score_mode=latent best_action=None best_latent=None best_score=None new_copy=0 it=640000 bc=4.094875e-04 keep_ratio=0.3300 active_action_dim_mask=[1, 1, 1, 0]
[tsn-improved-reuse-panda] task=0 copy=0 src=None score_mode=latent best_action=None best_latent=None best_score=None new_copy=0 it=660000 bc=4.599779e-04 keep_ratio=0.3300 active_action_dim_mask=[1, 1, 1, 0]
[tsn-improved-reuse-panda] task=0 copy=0 src=None score_mode=latent best_action=None best_latent=None best_score=None new_copy=0 it=680000 bc=3.382803e-04 keep_ratio=0.3300 active_action_dim_mask=[1, 1, 1, 0]
[tsn-improved-reuse-panda] task=0 copy=0 src=None score_mode=latent best_action=None best_latent=None best_score=None new_copy=0 it=700000 bc=3.451279e-04 keep_ratio=0.3300 active_action_dim_mask=[1, 1, 1, 0]
[tsn-improved-reuse-panda] task=0 copy=0 src=None score_mode=latent best_action=None best_latent=None best_score=None new_copy=0 it=720000 bc=4.357951e-04 keep_ratio=0.3300 active_action_dim_mask=[1, 1, 1, 0]
[tsn-improved-reuse-panda] task=0 copy=0 src=None score_mode=latent best_action=None best_latent=None best_score=None new_copy=0 it=740000 bc=3.818223e-04 keep_ratio=0.3300 active_action_dim_mask=[1, 1, 1, 0]
[tsn-improved-reuse-panda] task=0 copy=0 src=None score_mode=latent best_action=None best_latent=None best_score=None new_copy=0 it=760000 bc=3.751554e-04 keep_ratio=0.3300 active_action_dim_mask=[1, 1, 1, 0]
[tsn-improved-reuse-panda] task=0 copy=0 src=None score_mode=latent best_action=None best_latent=None best_score=None new_copy=0 it=780000 bc=2.918096e-04 keep_ratio=0.3300 active_action_dim_mask=[1, 1, 1, 0]
[tsn-improved-reuse-panda] task=0 copy=0 src=None score_mode=latent best_action=None best_latent=None best_score=None new_copy=0 it=800000 bc=3.678417e-04 keep_ratio=0.3300 active_action_dim_mask=[1, 1, 1, 0]
[tsn-improved-reuse-panda] task=0 copy=0 src=None score_mode=latent best_action=None best_latent=None best_score=None new_copy=0 it=820000 bc=3.694599e-04 keep_ratio=0.3300 active_action_dim_mask=[1, 1, 1, 0]
[tsn-improved-reuse-panda] task=0 copy=0 src=None score_mode=latent best_action=None best_latent=None best_score=None new_copy=0 it=840000 bc=3.034936e-04 keep_ratio=0.3300 active_action_dim_mask=[1, 1, 1, 0]
[tsn-improved-reuse-panda] task=0 copy=0 src=None score_mode=latent best_action=None best_latent=None best_score=None new_copy=0 it=860000 bc=5.014566e-04 keep_ratio=0.3300 active_action_dim_mask=[1, 1, 1, 0]
[tsn-improved-reuse-panda] task=0 copy=0 src=None score_mode=latent best_action=None best_latent=None best_score=None new_copy=0 it=880000 bc=4.072359e-04 keep_ratio=0.3300 active_action_dim_mask=[1, 1, 1, 0]
[tsn-improved-reuse-panda] task=0 copy=0 src=None score_mode=latent best_action=None best_latent=None best_score=None new_copy=0 it=900000 bc=3.240735e-04 keep_ratio=0.3300 active_action_dim_mask=[1, 1, 1, 0]
[tsn-improved-reuse-panda] task=0 copy=0 src=None score_mode=latent best_action=None best_latent=None best_score=None new_copy=0 it=920000 bc=3.087914e-04 keep_ratio=0.3300 active_action_dim_mask=[1, 1, 1, 0]
[tsn-improved-reuse-panda] task=0 copy=0 src=None score_mode=latent best_action=None best_latent=None best_score=None new_copy=0 it=940000 bc=3.079088e-04 keep_ratio=0.3300 active_action_dim_mask=[1, 1, 1, 0]
[tsn-improved-reuse-panda] task=0 copy=0 src=None score_mode=latent best_action=None best_latent=None best_score=None new_copy=0 it=960000 bc=2.967045e-04 keep_ratio=0.3300 active_action_dim_mask=[1, 1, 1, 0]
[tsn-improved-reuse-panda] task=0 copy=0 src=None score_mode=latent best_action=None best_latent=None best_score=None new_copy=0 it=980000 bc=3.342980e-04 keep_ratio=0.3300 active_action_dim_mask=[1, 1, 1, 0]
[tsn-improved-reuse-panda] task=0 copy=0 src=None score_mode=latent best_action=None best_latent=None best_score=None new_copy=0 it=999999 bc=3.102412e-04 keep_ratio=0.3300 active_action_dim_mask=[1, 1, 1, 0]
[tsn-old-reuse-panda] after task 0: copy=0 occupied_ratio=0.3300 source_task=None best_kl=None
[eval] after task 1 on PandaReach: -0.188 (target=-0.000320)
[eval] after task 1 on PandaPush: -8.506 (target=-0.436000)
[eval] after task 1 on PandaPickAndPlace: -9.806 (target=-0.001000)

[Task 2/3] Train on PandaPush
DTBackbone config: DTConfig(n_layer=3, n_head=1, n_embd=128, dropout=0.1, bias=False, K=20, max_ep_len=50, state_dim=128, act_discrete=False, act_vocab_size=1, act_dim=4, act_tanh=False, tanh_embeddings=False)
DTBackbone parameters: 0.61M
[tsn-improved-reuse-panda] task=1 copy=1 src=0 score_mode=latent best_action=0.6920428425073624 best_latent=1052.771484375 best_score=1052.771484375 new_copy=1 it=0 bc=6.099779e-01 keep_ratio=0.3300 active_action_dim_mask=[1, 1, 1, 0]
[tsn-improved-reuse-panda] task=1 copy=1 src=0 score_mode=latent best_action=0.6920428425073624 best_latent=1052.771484375 best_score=1052.771484375 new_copy=1 it=20000 bc=7.050578e-02 keep_ratio=0.3300 active_action_dim_mask=[1, 1, 1, 0]
[tsn-improved-reuse-panda] task=1 copy=1 src=0 score_mode=latent best_action=0.6920428425073624 best_latent=1052.771484375 best_score=1052.771484375 new_copy=1 it=40000 bc=4.335300e-02 keep_ratio=0.3300 active_action_dim_mask=[1, 1, 1, 0]
[tsn-improved-reuse-panda] task=1 copy=1 src=0 score_mode=latent best_action=0.6920428425073624 best_latent=1052.771484375 best_score=1052.771484375 new_copy=1 it=60000 bc=3.129263e-02 keep_ratio=0.3300 active_action_dim_mask=[1, 1, 1, 0]
[tsn-improved-reuse-panda] task=1 copy=1 src=0 score_mode=latent best_action=0.6920428425073624 best_latent=1052.771484375 best_score=1052.771484375 new_copy=1 it=80000 bc=2.996645e-02 keep_ratio=0.3300 active_action_dim_mask=[1, 1, 1, 0]
[tsn-improved-reuse-panda] task=1 copy=1 src=0 score_mode=latent best_action=0.6920428425073624 best_latent=1052.771484375 best_score=1052.771484375 new_copy=1 it=100000 bc=2.600924e-02 keep_ratio=0.3300 active_action_dim_mask=[1, 1, 1, 0]
[tsn-improved-reuse-panda] task=1 copy=1 src=0 score_mode=latent best_action=0.6920428425073624 best_latent=1052.771484375 best_score=1052.771484375 new_copy=1 it=120000 bc=1.794466e-02 keep_ratio=0.3300 active_action_dim_mask=[1, 1, 1, 0]
[tsn-improved-reuse-panda] task=1 copy=1 src=0 score_mode=latent best_action=0.6920428425073624 best_latent=1052.771484375 best_score=1052.771484375 new_copy=1 it=140000 bc=2.402700e-02 keep_ratio=0.3300 active_action_dim_mask=[1, 1, 1, 0]
[tsn-improved-reuse-panda] task=1 copy=1 src=0 score_mode=latent best_action=0.6920428425073624 best_latent=1052.771484375 best_score=1052.771484375 new_copy=1 it=160000 bc=2.056510e-02 keep_ratio=0.3300 active_action_dim_mask=[1, 1, 1, 0]
[tsn-improved-reuse-panda] task=1 copy=1 src=0 score_mode=latent best_action=0.6920428425073624 best_latent=1052.771484375 best_score=1052.771484375 new_copy=1 it=180000 bc=2.133555e-02 keep_ratio=0.3300 active_action_dim_mask=[1, 1, 1, 0]
[tsn-improved-reuse-panda] task=1 copy=1 src=0 score_mode=latent best_action=0.6920428425073624 best_latent=1052.771484375 best_score=1052.771484375 new_copy=1 it=200000 bc=2.279538e-02 keep_ratio=0.3300 active_action_dim_mask=[1, 1, 1, 0]
[tsn-improved-reuse-panda] task=1 copy=1 src=0 score_mode=latent best_action=0.6920428425073624 best_latent=1052.771484375 best_score=1052.771484375 new_copy=1 it=220000 bc=2.731928e-02 keep_ratio=0.3300 active_action_dim_mask=[1, 1, 1, 0]
[tsn-improved-reuse-panda] task=1 copy=1 src=0 score_mode=latent best_action=0.6920428425073624 best_latent=1052.771484375 best_score=1052.771484375 new_copy=1 it=240000 bc=1.983645e-02 keep_ratio=0.3300 active_action_dim_mask=[1, 1, 1, 0]
[tsn-improved-reuse-panda] task=1 copy=1 src=0 score_mode=latent best_action=0.6920428425073624 best_latent=1052.771484375 best_score=1052.771484375 new_copy=1 it=260000 bc=2.617359e-02 keep_ratio=0.3300 active_action_dim_mask=[1, 1, 1, 0]
[tsn-improved-reuse-panda] task=1 copy=1 src=0 score_mode=latent best_action=0.6920428425073624 best_latent=1052.771484375 best_score=1052.771484375 new_copy=1 it=280000 bc=2.151327e-02 keep_ratio=0.3300 active_action_dim_mask=[1, 1, 1, 0]
[tsn-improved-reuse-panda] task=1 copy=1 src=0 score_mode=latent best_action=0.6920428425073624 best_latent=1052.771484375 best_score=1052.771484375 new_copy=1 it=300000 bc=1.809785e-02 keep_ratio=0.3300 active_action_dim_mask=[1, 1, 1, 0]
[tsn-improved-reuse-panda] task=1 copy=1 src=0 score_mode=latent best_action=0.6920428425073624 best_latent=1052.771484375 best_score=1052.771484375 new_copy=1 it=320000 bc=2.067006e-02 keep_ratio=0.3300 active_action_dim_mask=[1, 1, 1, 0]
[tsn-improved-reuse-panda] task=1 copy=1 src=0 score_mode=latent best_action=0.6920428425073624 best_latent=1052.771484375 best_score=1052.771484375 new_copy=1 it=340000 bc=1.599223e-02 keep_ratio=0.3300 active_action_dim_mask=[1, 1, 1, 0]
[tsn-improved-reuse-panda] task=1 copy=1 src=0 score_mode=latent best_action=0.6920428425073624 best_latent=1052.771484375 best_score=1052.771484375 new_copy=1 it=360000 bc=1.754796e-02 keep_ratio=0.3300 active_action_dim_mask=[1, 1, 1, 0]
[tsn-improved-reuse-panda] task=1 copy=1 src=0 score_mode=latent best_action=0.6920428425073624 best_latent=1052.771484375 best_score=1052.771484375 new_copy=1 it=380000 bc=1.481718e-02 keep_ratio=0.3300 active_action_dim_mask=[1, 1, 1, 0]
[tsn-improved-reuse-panda] task=1 copy=1 src=0 score_mode=latent best_action=0.6920428425073624 best_latent=1052.771484375 best_score=1052.771484375 new_copy=1 it=400000 bc=1.955942e-02 keep_ratio=0.3300 active_action_dim_mask=[1, 1, 1, 0]
[tsn-improved-reuse-panda] task=1 copy=1 src=0 score_mode=latent best_action=0.6920428425073624 best_latent=1052.771484375 best_score=1052.771484375 new_copy=1 it=420000 bc=1.770030e-02 keep_ratio=0.3300 active_action_dim_mask=[1, 1, 1, 0]
[tsn-improved-reuse-panda] task=1 copy=1 src=0 score_mode=latent best_action=0.6920428425073624 best_latent=1052.771484375 best_score=1052.771484375 new_copy=1 it=440000 bc=1.540628e-02 keep_ratio=0.3300 active_action_dim_mask=[1, 1, 1, 0]
[tsn-improved-reuse-panda] task=1 copy=1 src=0 score_mode=latent best_action=0.6920428425073624 best_latent=1052.771484375 best_score=1052.771484375 new_copy=1 it=460000 bc=2.261042e-02 keep_ratio=0.3300 active_action_dim_mask=[1, 1, 1, 0]
[tsn-improved-reuse-panda] task=1 copy=1 src=0 score_mode=latent best_action=0.6920428425073624 best_latent=1052.771484375 best_score=1052.771484375 new_copy=1 it=480000 bc=2.227457e-02 keep_ratio=0.3300 active_action_dim_mask=[1, 1, 1, 0]
[tsn-improved-reuse-panda] task=1 copy=1 src=0 score_mode=latent best_action=0.6920428425073624 best_latent=1052.771484375 best_score=1052.771484375 new_copy=1 it=500000 bc=1.536908e-02 keep_ratio=0.3300 active_action_dim_mask=[1, 1, 1, 0]
[tsn-improved-reuse-panda] task=1 copy=1 src=0 score_mode=latent best_action=0.6920428425073624 best_latent=1052.771484375 best_score=1052.771484375 new_copy=1 it=520000 bc=1.787983e-02 keep_ratio=0.3300 active_action_dim_mask=[1, 1, 1, 0]
[tsn-improved-reuse-panda] task=1 copy=1 src=0 score_mode=latent best_action=0.6920428425073624 best_latent=1052.771484375 best_score=1052.771484375 new_copy=1 it=540000 bc=2.060956e-02 keep_ratio=0.3300 active_action_dim_mask=[1, 1, 1, 0]
[tsn-improved-reuse-panda] task=1 copy=1 src=0 score_mode=latent best_action=0.6920428425073624 best_latent=1052.771484375 best_score=1052.771484375 new_copy=1 it=560000 bc=2.051789e-02 keep_ratio=0.3300 active_action_dim_mask=[1, 1, 1, 0]
[tsn-improved-reuse-panda] task=1 copy=1 src=0 score_mode=latent best_action=0.6920428425073624 best_latent=1052.771484375 best_score=1052.771484375 new_copy=1 it=580000 bc=1.754522e-02 keep_ratio=0.3300 active_action_dim_mask=[1, 1, 1, 0]
[tsn-improved-reuse-panda] task=1 copy=1 src=0 score_mode=latent best_action=0.6920428425073624 best_latent=1052.771484375 best_score=1052.771484375 new_copy=1 it=600000 bc=1.262179e-02 keep_ratio=0.3300 active_action_dim_mask=[1, 1, 1, 0]
[tsn-improved-reuse-panda] task=1 copy=1 src=0 score_mode=latent best_action=0.6920428425073624 best_latent=1052.771484375 best_score=1052.771484375 new_copy=1 it=620000 bc=1.285087e-02 keep_ratio=0.3300 active_action_dim_mask=[1, 1, 1, 0]
[tsn-improved-reuse-panda] task=1 copy=1 src=0 score_mode=latent best_action=0.6920428425073624 best_latent=1052.771484375 best_score=1052.771484375 new_copy=1 it=640000 bc=1.505811e-02 keep_ratio=0.3300 active_action_dim_mask=[1, 1, 1, 0]
[tsn-improved-reuse-panda] task=1 copy=1 src=0 score_mode=latent best_action=0.6920428425073624 best_latent=1052.771484375 best_score=1052.771484375 new_copy=1 it=660000 bc=1.913293e-02 keep_ratio=0.3300 active_action_dim_mask=[1, 1, 1, 0]
[tsn-improved-reuse-panda] task=1 copy=1 src=0 score_mode=latent best_action=0.6920428425073624 best_latent=1052.771484375 best_score=1052.771484375 new_copy=1 it=680000 bc=1.832878e-02 keep_ratio=0.3300 active_action_dim_mask=[1, 1, 1, 0]
[tsn-improved-reuse-panda] task=1 copy=1 src=0 score_mode=latent best_action=0.6920428425073624 best_latent=1052.771484375 best_score=1052.771484375 new_copy=1 it=700000 bc=1.527453e-02 keep_ratio=0.3300 active_action_dim_mask=[1, 1, 1, 0]
[tsn-improved-reuse-panda] task=1 copy=1 src=0 score_mode=latent best_action=0.6920428425073624 best_latent=1052.771484375 best_score=1052.771484375 new_copy=1 it=720000 bc=1.704971e-02 keep_ratio=0.3300 active_action_dim_mask=[1, 1, 1, 0]
[tsn-improved-reuse-panda] task=1 copy=1 src=0 score_mode=latent best_action=0.6920428425073624 best_latent=1052.771484375 best_score=1052.771484375 new_copy=1 it=740000 bc=1.455293e-02 keep_ratio=0.3300 active_action_dim_mask=[1, 1, 1, 0]
[tsn-improved-reuse-panda] task=1 copy=1 src=0 score_mode=latent best_action=0.6920428425073624 best_latent=1052.771484375 best_score=1052.771484375 new_copy=1 it=760000 bc=1.739608e-02 keep_ratio=0.3300 active_action_dim_mask=[1, 1, 1, 0]
[tsn-improved-reuse-panda] task=1 copy=1 src=0 score_mode=latent best_action=0.6920428425073624 best_latent=1052.771484375 best_score=1052.771484375 new_copy=1 it=780000 bc=1.520536e-02 keep_ratio=0.3300 active_action_dim_mask=[1, 1, 1, 0]
[tsn-improved-reuse-panda] task=1 copy=1 src=0 score_mode=latent best_action=0.6920428425073624 best_latent=1052.771484375 best_score=1052.771484375 new_copy=1 it=800000 bc=1.777947e-02 keep_ratio=0.3300 active_action_dim_mask=[1, 1, 1, 0]
[tsn-improved-reuse-panda] task=1 copy=1 src=0 score_mode=latent best_action=0.6920428425073624 best_latent=1052.771484375 best_score=1052.771484375 new_copy=1 it=820000 bc=1.286870e-02 keep_ratio=0.3300 active_action_dim_mask=[1, 1, 1, 0]
[tsn-improved-reuse-panda] task=1 copy=1 src=0 score_mode=latent best_action=0.6920428425073624 best_latent=1052.771484375 best_score=1052.771484375 new_copy=1 it=840000 bc=2.311660e-02 keep_ratio=0.3300 active_action_dim_mask=[1, 1, 1, 0]
[tsn-improved-reuse-panda] task=1 copy=1 src=0 score_mode=latent best_action=0.6920428425073624 best_latent=1052.771484375 best_score=1052.771484375 new_copy=1 it=860000 bc=1.486782e-02 keep_ratio=0.3300 active_action_dim_mask=[1, 1, 1, 0]
[tsn-improved-reuse-panda] task=1 copy=1 src=0 score_mode=latent best_action=0.6920428425073624 best_latent=1052.771484375 best_score=1052.771484375 new_copy=1 it=880000 bc=1.575022e-02 keep_ratio=0.3300 active_action_dim_mask=[1, 1, 1, 0]
[tsn-improved-reuse-panda] task=1 copy=1 src=0 score_mode=latent best_action=0.6920428425073624 best_latent=1052.771484375 best_score=1052.771484375 new_copy=1 it=900000 bc=1.841323e-02 keep_ratio=0.3300 active_action_dim_mask=[1, 1, 1, 0]
[tsn-improved-reuse-panda] task=1 copy=1 src=0 score_mode=latent best_action=0.6920428425073624 best_latent=1052.771484375 best_score=1052.771484375 new_copy=1 it=920000 bc=1.603946e-02 keep_ratio=0.3300 active_action_dim_mask=[1, 1, 1, 0]
[tsn-improved-reuse-panda] task=1 copy=1 src=0 score_mode=latent best_action=0.6920428425073624 best_latent=1052.771484375 best_score=1052.771484375 new_copy=1 it=940000 bc=1.346280e-02 keep_ratio=0.3300 active_action_dim_mask=[1, 1, 1, 0]
[tsn-improved-reuse-panda] task=1 copy=1 src=0 score_mode=latent best_action=0.6920428425073624 best_latent=1052.771484375 best_score=1052.771484375 new_copy=1 it=960000 bc=1.414792e-02 keep_ratio=0.3300 active_action_dim_mask=[1, 1, 1, 0]
[tsn-improved-reuse-panda] task=1 copy=1 src=0 score_mode=latent best_action=0.6920428425073624 best_latent=1052.771484375 best_score=1052.771484375 new_copy=1 it=980000 bc=1.513444e-02 keep_ratio=0.3300 active_action_dim_mask=[1, 1, 1, 0]
[tsn-improved-reuse-panda] task=1 copy=1 src=0 score_mode=latent best_action=0.6920428425073624 best_latent=1052.771484375 best_score=1052.771484375 new_copy=1 it=999999 bc=1.728266e-02 keep_ratio=0.3300 active_action_dim_mask=[1, 1, 1, 0]
[tsn-old-reuse-panda] after task 1: copy=1 occupied_ratio=0.3300 source_task=0 best_kl=None
[eval] after task 2 on PandaReach: -0.188 (target=-0.000320)
[eval] after task 2 on PandaPush: -0.956 (target=-0.436000)
[eval] after task 2 on PandaPickAndPlace: -9.806 (target=-0.001000)

[Task 3/3] Train on PandaPickAndPlace
DTBackbone config: DTConfig(n_layer=3, n_head=1, n_embd=128, dropout=0.1, bias=False, K=20, max_ep_len=50, state_dim=128, act_discrete=False, act_vocab_size=1, act_dim=4, act_tanh=False, tanh_embeddings=False)
DTBackbone parameters: 0.61M
[tsn-improved-reuse-panda] task=2 copy=2 src=0 score_mode=latent best_action=0.7434595823287964 best_latent=530.8439331054688 best_score=530.8439331054688 new_copy=1 it=0 bc=6.274792e-01 keep_ratio=0.3300 active_action_dim_mask=[1, 1, 1, 1]
[tsn-improved-reuse-panda] task=2 copy=2 src=0 score_mode=latent best_action=0.7434595823287964 best_latent=530.8439331054688 best_score=530.8439331054688 new_copy=1 it=20000 bc=8.866681e-02 keep_ratio=0.3300 active_action_dim_mask=[1, 1, 1, 1]
[tsn-improved-reuse-panda] task=2 copy=2 src=0 score_mode=latent best_action=0.7434595823287964 best_latent=530.8439331054688 best_score=530.8439331054688 new_copy=1 it=40000 bc=4.711239e-02 keep_ratio=0.3300 active_action_dim_mask=[1, 1, 1, 1]
[tsn-improved-reuse-panda] task=2 copy=2 src=0 score_mode=latent best_action=0.7434595823287964 best_latent=530.8439331054688 best_score=530.8439331054688 new_copy=1 it=60000 bc=4.411005e-02 keep_ratio=0.3300 active_action_dim_mask=[1, 1, 1, 1]
[tsn-improved-reuse-panda] task=2 copy=2 src=0 score_mode=latent best_action=0.7434595823287964 best_latent=530.8439331054688 best_score=530.8439331054688 new_copy=1 it=80000 bc=4.461217e-02 keep_ratio=0.3300 active_action_dim_mask=[1, 1, 1, 1]
[tsn-improved-reuse-panda] task=2 copy=2 src=0 score_mode=latent best_action=0.7434595823287964 best_latent=530.8439331054688 best_score=530.8439331054688 new_copy=1 it=100000 bc=3.950309e-02 keep_ratio=0.3300 active_action_dim_mask=[1, 1, 1, 1]
[tsn-improved-reuse-panda] task=2 copy=2 src=0 score_mode=latent best_action=0.7434595823287964 best_latent=530.8439331054688 best_score=530.8439331054688 new_copy=1 it=120000 bc=3.965853e-02 keep_ratio=0.3300 active_action_dim_mask=[1, 1, 1, 1]
[tsn-improved-reuse-panda] task=2 copy=2 src=0 score_mode=latent best_action=0.7434595823287964 best_latent=530.8439331054688 best_score=530.8439331054688 new_copy=1 it=140000 bc=4.510321e-02 keep_ratio=0.3300 active_action_dim_mask=[1, 1, 1, 1]
[tsn-improved-reuse-panda] task=2 copy=2 src=0 score_mode=latent best_action=0.7434595823287964 best_latent=530.8439331054688 best_score=530.8439331054688 new_copy=1 it=160000 bc=4.158036e-02 keep_ratio=0.3300 active_action_dim_mask=[1, 1, 1, 1]
[tsn-improved-reuse-panda] task=2 copy=2 src=0 score_mode=latent best_action=0.7434595823287964 best_latent=530.8439331054688 best_score=530.8439331054688 new_copy=1 it=180000 bc=3.317150e-02 keep_ratio=0.3300 active_action_dim_mask=[1, 1, 1, 1]
[tsn-improved-reuse-panda] task=2 copy=2 src=0 score_mode=latent best_action=0.7434595823287964 best_latent=530.8439331054688 best_score=530.8439331054688 new_copy=1 it=200000 bc=4.090356e-02 keep_ratio=0.3300 active_action_dim_mask=[1, 1, 1, 1]
[tsn-improved-reuse-panda] task=2 copy=2 src=0 score_mode=latent best_action=0.7434595823287964 best_latent=530.8439331054688 best_score=530.8439331054688 new_copy=1 it=220000 bc=3.370588e-02 keep_ratio=0.3300 active_action_dim_mask=[1, 1, 1, 1]
[tsn-improved-reuse-panda] task=2 copy=2 src=0 score_mode=latent best_action=0.7434595823287964 best_latent=530.8439331054688 best_score=530.8439331054688 new_copy=1 it=240000 bc=3.383587e-02 keep_ratio=0.3300 active_action_dim_mask=[1, 1, 1, 1]
[tsn-improved-reuse-panda] task=2 copy=2 src=0 score_mode=latent best_action=0.7434595823287964 best_latent=530.8439331054688 best_score=530.8439331054688 new_copy=1 it=260000 bc=4.038317e-02 keep_ratio=0.3300 active_action_dim_mask=[1, 1, 1, 1]
[tsn-improved-reuse-panda] task=2 copy=2 src=0 score_mode=latent best_action=0.7434595823287964 best_latent=530.8439331054688 best_score=530.8439331054688 new_copy=1 it=280000 bc=3.159916e-02 keep_ratio=0.3300 active_action_dim_mask=[1, 1, 1, 1]
[tsn-improved-reuse-panda] task=2 copy=2 src=0 score_mode=latent best_action=0.7434595823287964 best_latent=530.8439331054688 best_score=530.8439331054688 new_copy=1 it=300000 bc=3.134041e-02 keep_ratio=0.3300 active_action_dim_mask=[1, 1, 1, 1]
[tsn-improved-reuse-panda] task=2 copy=2 src=0 score_mode=latent best_action=0.7434595823287964 best_latent=530.8439331054688 best_score=530.8439331054688 new_copy=1 it=320000 bc=3.339001e-02 keep_ratio=0.3300 active_action_dim_mask=[1, 1, 1, 1]
[tsn-improved-reuse-panda] task=2 copy=2 src=0 score_mode=latent best_action=0.7434595823287964 best_latent=530.8439331054688 best_score=530.8439331054688 new_copy=1 it=340000 bc=4.353927e-02 keep_ratio=0.3300 active_action_dim_mask=[1, 1, 1, 1]
[tsn-improved-reuse-panda] task=2 copy=2 src=0 score_mode=latent best_action=0.7434595823287964 best_latent=530.8439331054688 best_score=530.8439331054688 new_copy=1 it=360000 bc=3.741186e-02 keep_ratio=0.3300 active_action_dim_mask=[1, 1, 1, 1]
[tsn-improved-reuse-panda] task=2 copy=2 src=0 score_mode=latent best_action=0.7434595823287964 best_latent=530.8439331054688 best_score=530.8439331054688 new_copy=1 it=380000 bc=3.520895e-02 keep_ratio=0.3300 active_action_dim_mask=[1, 1, 1, 1]
[tsn-improved-reuse-panda] task=2 copy=2 src=0 score_mode=latent best_action=0.7434595823287964 best_latent=530.8439331054688 best_score=530.8439331054688 new_copy=1 it=400000 bc=3.717296e-02 keep_ratio=0.3300 active_action_dim_mask=[1, 1, 1, 1]
[tsn-improved-reuse-panda] task=2 copy=2 src=0 score_mode=latent best_action=0.7434595823287964 best_latent=530.8439331054688 best_score=530.8439331054688 new_copy=1 it=420000 bc=3.641583e-02 keep_ratio=0.3300 active_action_dim_mask=[1, 1, 1, 1]
[tsn-improved-reuse-panda] task=2 copy=2 src=0 score_mode=latent best_action=0.7434595823287964 best_latent=530.8439331054688 best_score=530.8439331054688 new_copy=1 it=440000 bc=3.222353e-02 keep_ratio=0.3300 active_action_dim_mask=[1, 1, 1, 1]
[tsn-improved-reuse-panda] task=2 copy=2 src=0 score_mode=latent best_action=0.7434595823287964 best_latent=530.8439331054688 best_score=530.8439331054688 new_copy=1 it=460000 bc=3.175458e-02 keep_ratio=0.3300 active_action_dim_mask=[1, 1, 1, 1]
[tsn-improved-reuse-panda] task=2 copy=2 src=0 score_mode=latent best_action=0.7434595823287964 best_latent=530.8439331054688 best_score=530.8439331054688 new_copy=1 it=480000 bc=3.586943e-02 keep_ratio=0.3300 active_action_dim_mask=[1, 1, 1, 1]
[tsn-improved-reuse-panda] task=2 copy=2 src=0 score_mode=latent best_action=0.7434595823287964 best_latent=530.8439331054688 best_score=530.8439331054688 new_copy=1 it=500000 bc=3.480755e-02 keep_ratio=0.3300 active_action_dim_mask=[1, 1, 1, 1]
[tsn-improved-reuse-panda] task=2 copy=2 src=0 score_mode=latent best_action=0.7434595823287964 best_latent=530.8439331054688 best_score=530.8439331054688 new_copy=1 it=520000 bc=2.966610e-02 keep_ratio=0.3300 active_action_dim_mask=[1, 1, 1, 1]
[tsn-improved-reuse-panda] task=2 copy=2 src=0 score_mode=latent best_action=0.7434595823287964 best_latent=530.8439331054688 best_score=530.8439331054688 new_copy=1 it=540000 bc=2.772705e-02 keep_ratio=0.3300 active_action_dim_mask=[1, 1, 1, 1]
[tsn-improved-reuse-panda] task=2 copy=2 src=0 score_mode=latent best_action=0.7434595823287964 best_latent=530.8439331054688 best_score=530.8439331054688 new_copy=1 it=560000 bc=3.713774e-02 keep_ratio=0.3300 active_action_dim_mask=[1, 1, 1, 1]
[tsn-improved-reuse-panda] task=2 copy=2 src=0 score_mode=latent best_action=0.7434595823287964 best_latent=530.8439331054688 best_score=530.8439331054688 new_copy=1 it=580000 bc=3.152189e-02 keep_ratio=0.3300 active_action_dim_mask=[1, 1, 1, 1]
[tsn-improved-reuse-panda] task=2 copy=2 src=0 score_mode=latent best_action=0.7434595823287964 best_latent=530.8439331054688 best_score=530.8439331054688 new_copy=1 it=600000 bc=3.054605e-02 keep_ratio=0.3300 active_action_dim_mask=[1, 1, 1, 1]
[tsn-improved-reuse-panda] task=2 copy=2 src=0 score_mode=latent best_action=0.7434595823287964 best_latent=530.8439331054688 best_score=530.8439331054688 new_copy=1 it=620000 bc=3.511556e-02 keep_ratio=0.3300 active_action_dim_mask=[1, 1, 1, 1]
[tsn-improved-reuse-panda] task=2 copy=2 src=0 score_mode=latent best_action=0.7434595823287964 best_latent=530.8439331054688 best_score=530.8439331054688 new_copy=1 it=640000 bc=3.357612e-02 keep_ratio=0.3300 active_action_dim_mask=[1, 1, 1, 1]
[tsn-improved-reuse-panda] task=2 copy=2 src=0 score_mode=latent best_action=0.7434595823287964 best_latent=530.8439331054688 best_score=530.8439331054688 new_copy=1 it=660000 bc=2.905043e-02 keep_ratio=0.3300 active_action_dim_mask=[1, 1, 1, 1]
[tsn-improved-reuse-panda] task=2 copy=2 src=0 score_mode=latent best_action=0.7434595823287964 best_latent=530.8439331054688 best_score=530.8439331054688 new_copy=1 it=680000 bc=3.471653e-02 keep_ratio=0.3300 active_action_dim_mask=[1, 1, 1, 1]
[tsn-improved-reuse-panda] task=2 copy=2 src=0 score_mode=latent best_action=0.7434595823287964 best_latent=530.8439331054688 best_score=530.8439331054688 new_copy=1 it=700000 bc=3.594460e-02 keep_ratio=0.3300 active_action_dim_mask=[1, 1, 1, 1]
[tsn-improved-reuse-panda] task=2 copy=2 src=0 score_mode=latent best_action=0.7434595823287964 best_latent=530.8439331054688 best_score=530.8439331054688 new_copy=1 it=720000 bc=3.368903e-02 keep_ratio=0.3300 active_action_dim_mask=[1, 1, 1, 1]
[tsn-improved-reuse-panda] task=2 copy=2 src=0 score_mode=latent best_action=0.7434595823287964 best_latent=530.8439331054688 best_score=530.8439331054688 new_copy=1 it=740000 bc=3.454432e-02 keep_ratio=0.3300 active_action_dim_mask=[1, 1, 1, 1]
[tsn-improved-reuse-panda] task=2 copy=2 src=0 score_mode=latent best_action=0.7434595823287964 best_latent=530.8439331054688 best_score=530.8439331054688 new_copy=1 it=760000 bc=2.531387e-02 keep_ratio=0.3300 active_action_dim_mask=[1, 1, 1, 1]
[tsn-improved-reuse-panda] task=2 copy=2 src=0 score_mode=latent best_action=0.7434595823287964 best_latent=530.8439331054688 best_score=530.8439331054688 new_copy=1 it=780000 bc=3.178247e-02 keep_ratio=0.3300 active_action_dim_mask=[1, 1, 1, 1]
[tsn-improved-reuse-panda] task=2 copy=2 src=0 score_mode=latent best_action=0.7434595823287964 best_latent=530.8439331054688 best_score=530.8439331054688 new_copy=1 it=800000 bc=3.168392e-02 keep_ratio=0.3300 active_action_dim_mask=[1, 1, 1, 1]
[tsn-improved-reuse-panda] task=2 copy=2 src=0 score_mode=latent best_action=0.7434595823287964 best_latent=530.8439331054688 best_score=530.8439331054688 new_copy=1 it=820000 bc=3.404180e-02 keep_ratio=0.3300 active_action_dim_mask=[1, 1, 1, 1]
[tsn-improved-reuse-panda] task=2 copy=2 src=0 score_mode=latent best_action=0.7434595823287964 best_latent=530.8439331054688 best_score=530.8439331054688 new_copy=1 it=840000 bc=3.252282e-02 keep_ratio=0.3300 active_action_dim_mask=[1, 1, 1, 1]
[tsn-improved-reuse-panda] task=2 copy=2 src=0 score_mode=latent best_action=0.7434595823287964 best_latent=530.8439331054688 best_score=530.8439331054688 new_copy=1 it=860000 bc=3.033653e-02 keep_ratio=0.3300 active_action_dim_mask=[1, 1, 1, 1]
[tsn-improved-reuse-panda] task=2 copy=2 src=0 score_mode=latent best_action=0.7434595823287964 best_latent=530.8439331054688 best_score=530.8439331054688 new_copy=1 it=880000 bc=3.555361e-02 keep_ratio=0.3300 active_action_dim_mask=[1, 1, 1, 1]
[tsn-improved-reuse-panda] task=2 copy=2 src=0 score_mode=latent best_action=0.7434595823287964 best_latent=530.8439331054688 best_score=530.8439331054688 new_copy=1 it=900000 bc=3.630143e-02 keep_ratio=0.3300 active_action_dim_mask=[1, 1, 1, 1]
[tsn-improved-reuse-panda] task=2 copy=2 src=0 score_mode=latent best_action=0.7434595823287964 best_latent=530.8439331054688 best_score=530.8439331054688 new_copy=1 it=920000 bc=3.047357e-02 keep_ratio=0.3300 active_action_dim_mask=[1, 1, 1, 1]
[tsn-improved-reuse-panda] task=2 copy=2 src=0 score_mode=latent best_action=0.7434595823287964 best_latent=530.8439331054688 best_score=530.8439331054688 new_copy=1 it=940000 bc=3.369942e-02 keep_ratio=0.3300 active_action_dim_mask=[1, 1, 1, 1]
[tsn-improved-reuse-panda] task=2 copy=2 src=0 score_mode=latent best_action=0.7434595823287964 best_latent=530.8439331054688 best_score=530.8439331054688 new_copy=1 it=960000 bc=3.530950e-02 keep_ratio=0.3300 active_action_dim_mask=[1, 1, 1, 1]
[tsn-improved-reuse-panda] task=2 copy=2 src=0 score_mode=latent best_action=0.7434595823287964 best_latent=530.8439331054688 best_score=530.8439331054688 new_copy=1 it=980000 bc=3.066126e-02 keep_ratio=0.3300 active_action_dim_mask=[1, 1, 1, 1]
[tsn-improved-reuse-panda] task=2 copy=2 src=0 score_mode=latent best_action=0.7434595823287964 best_latent=530.8439331054688 best_score=530.8439331054688 new_copy=1 it=999999 bc=2.973971e-02 keep_ratio=0.3300 active_action_dim_mask=[1, 1, 1, 1]
[tsn-old-reuse-panda] after task 2: copy=2 occupied_ratio=0.3300 source_task=0 best_kl=None
[eval] after task 3 on PandaReach: -0.188 (target=-0.000320)
[eval] after task 3 on PandaPush: -0.956 (target=-0.436000)
[eval] after task 3 on PandaPickAndPlace: -1.505 (target=-0.001000)

Done. Saved Panda CL results to: /net/home/plgrid/plgdomin088/runs/panda__tsn_improved_reuse__panda3_impr_latent__dm128_L3_H1_K20_drop0.10__rsm-latent_lthr25__r001__20260411-115943
argv[0]=--background_color_red=0.8745098114013672
argv[1]=--background_color_green=0.21176470816135406
argv[2]=--background_color_blue=0.1764705926179886
argv[0]=--background_color_red=0.8745098114013672
argv[1]=--background_color_green=0.21176470816135406
argv[2]=--background_color_blue=0.1764705926179886
argv[0]=--background_color_red=0.8745098114013672
argv[1]=--background_color_green=0.21176470816135406
argv[2]=--background_color_blue=0.1764705926179886
argv[0]=--background_color_red=0.8745098114013672
argv[1]=--background_color_green=0.21176470816135406
argv[2]=--background_color_blue=0.1764705926179886
argv[0]=--background_color_red=0.8745098114013672
argv[1]=--background_color_green=0.21176470816135406
argv[2]=--background_color_blue=0.1764705926179886
argv[0]=--background_color_red=0.8745098114013672
argv[1]=--background_color_green=0.21176470816135406
argv[2]=--background_color_blue=0.1764705926179886
