x1002c5s6b1n0
x1002c5s6b1n0
x1002c5s6b1n0
x1002c5s6b1n0
x1002c5s6b1n0
x1002c5s6b1n0
x1002c5s6b1n0
x1002c5s6b1n0
 GCCcore/13.2.0 loaded.
 zlib/1.2.13 loaded.
 binutils/2.40 loaded.
 bzip2/1.0.8 loaded.
 ncurses/6.4 loaded.
 libreadline/8.2 loaded.
 Tcl/8.6.13 loaded.
 SQLite/3.43.1 loaded.
 XZ/5.4.4 loaded.
 libffi/3.4.4 loaded.
 OpenSSL/1.1 loaded.
 Python/3.11.5 loaded.
pybullet build time: Jan 27 2026 10:50:49
[device] cuda

=== Loading Panda tasks ===
[TASK] PandaReach | env=PandaReachDense-v3 | data=/net/scratch/hscra/plgrid/plgdomin088/datasets/panda_expert/panda_reach_dense_1m_expert.pkl
  use_time_feature=True
  dataset obs shape: (3, 13), actions shape: (3, 3)
  env obs_space: Dict('achieved_goal': Box(-10.0, 10.0, (3,), float32), 'desired_goal': Box(-10.0, 10.0, (3,), float32), 'observation': Box([-10. -10. -10. -10. -10. -10.   0.], [10. 10. 10. 10. 10. 10.  1.], (7,), float32)), act_space: Box(-1.0, 1.0, (3,), float32)
  dataset episodes=370669 | return mean=-0.208 min=-0.633 max=-0.000
[TASK] PandaPush | env=PandaPushDense-v3 | data=/net/scratch/hscra/plgrid/plgdomin088/datasets/panda_expert/panda_push_dense_1m_expert.pkl
  use_time_feature=True
  dataset obs shape: (6, 25), actions shape: (6, 3)
  env obs_space: Dict('achieved_goal': Box(-10.0, 10.0, (3,), float32), 'desired_goal': Box(-10.0, 10.0, (3,), float32), 'observation': Box([-10. -10. -10. -10. -10. -10. -10. -10. -10. -10. -10. -10. -10. -10.
 -10. -10. -10. -10.   0.], [10. 10. 10. 10. 10. 10. 10. 10. 10. 10. 10. 10. 10. 10. 10. 10. 10. 10.
  1.], (19,), float32)), act_space: Box(-1.0, 1.0, (3,), float32)
  dataset episodes=141668 | return mean=-0.937 min=-33.158 max=-0.001
[TASK] PandaPickAndPlace | env=PandaPickAndPlaceDense-v3 | data=/net/scratch/hscra/plgrid/plgdomin088/datasets/panda_expert/panda_pick_and_place_dense_1m_expert.pkl
  use_time_feature=True
  dataset obs shape: (6, 26), actions shape: (6, 4)
  env obs_space: Dict('achieved_goal': Box(-10.0, 10.0, (3,), float32), 'desired_goal': Box(-10.0, 10.0, (3,), float32), 'observation': Box([-10. -10. -10. -10. -10. -10. -10. -10. -10. -10. -10. -10. -10. -10.
 -10. -10. -10. -10. -10.   0.], [10. 10. 10. 10. 10. 10. 10. 10. 10. 10. 10. 10. 10. 10. 10. 10. 10. 10.
 10.  1.], (20,), float32)), act_space: Box(-1.0, 1.0, (4,), float32)
  dataset episodes=119353 | return mean=-1.298 min=-57.910 max=-0.001
[lens] PandaReach: max_len=5 -> timestep_clip_max=4
[lens] PandaPush: max_len=50 -> timestep_clip_max=49
[lens] PandaPickAndPlace: max_len=50 -> timestep_clip_max=49

[global dims] obs_dim=26 (per-task=[13, 25, 26]), act_dim=4 (per-task=[3, 3, 4])
[target] PandaReach: target_return=-0.000320 (hardcoded)
[target] PandaPush: target_return=-0.436000 (hardcoded)
[target] PandaPickAndPlace: target_return=-0.001000 (hardcoded)
DTBackbone config: DTConfig(n_layer=3, n_head=1, n_embd=128, dropout=0.1, bias=False, K=20, max_ep_len=50, state_dim=128, act_discrete=False, act_vocab_size=1, act_dim=4, act_tanh=False, tanh_embeddings=False)
DTBackbone parameters: 0.61M

[run_dir] /net/home/plgrid/plgdomin088/runs/panda__tsn_improved_reuse__panda3_impr_action__dm128_L3_H1_K20_drop0.10__rsm-action_athr0.35__r001__20260412-112623
[tasks] ['PandaReach', 'PandaPush', 'PandaPickAndPlace']
[model_signature] dm128_L3_H1_K20_drop0.10

[Task 1/3] Train on PandaReach
[tsn-improved-reuse-panda] task=0 copy=0 src=None score_mode=action best_action=None best_latent=None best_score=None new_copy=0 it=0 bc=6.178143e-01 keep_ratio=0.3300 active_action_dim_mask=[1, 1, 1, 0]
[tsn-improved-reuse-panda] task=0 copy=0 src=None score_mode=action best_action=None best_latent=None best_score=None new_copy=0 it=20000 bc=3.463882e-03 keep_ratio=0.3300 active_action_dim_mask=[1, 1, 1, 0]
[tsn-improved-reuse-panda] task=0 copy=0 src=None score_mode=action best_action=None best_latent=None best_score=None new_copy=0 it=40000 bc=2.145704e-03 keep_ratio=0.3300 active_action_dim_mask=[1, 1, 1, 0]
[tsn-improved-reuse-panda] task=0 copy=0 src=None score_mode=action best_action=None best_latent=None best_score=None new_copy=0 it=60000 bc=1.479069e-03 keep_ratio=0.3300 active_action_dim_mask=[1, 1, 1, 0]
[tsn-improved-reuse-panda] task=0 copy=0 src=None score_mode=action best_action=None best_latent=None best_score=None new_copy=0 it=80000 bc=1.176071e-03 keep_ratio=0.3300 active_action_dim_mask=[1, 1, 1, 0]
[tsn-improved-reuse-panda] task=0 copy=0 src=None score_mode=action best_action=None best_latent=None best_score=None new_copy=0 it=100000 bc=1.062912e-03 keep_ratio=0.3300 active_action_dim_mask=[1, 1, 1, 0]
[tsn-improved-reuse-panda] task=0 copy=0 src=None score_mode=action best_action=None best_latent=None best_score=None new_copy=0 it=120000 bc=1.220695e-03 keep_ratio=0.3300 active_action_dim_mask=[1, 1, 1, 0]
[tsn-improved-reuse-panda] task=0 copy=0 src=None score_mode=action best_action=None best_latent=None best_score=None new_copy=0 it=140000 bc=9.638196e-04 keep_ratio=0.3300 active_action_dim_mask=[1, 1, 1, 0]
[tsn-improved-reuse-panda] task=0 copy=0 src=None score_mode=action best_action=None best_latent=None best_score=None new_copy=0 it=160000 bc=9.888366e-04 keep_ratio=0.3300 active_action_dim_mask=[1, 1, 1, 0]
[tsn-improved-reuse-panda] task=0 copy=0 src=None score_mode=action best_action=None best_latent=None best_score=None new_copy=0 it=180000 bc=1.014496e-03 keep_ratio=0.3300 active_action_dim_mask=[1, 1, 1, 0]
[tsn-improved-reuse-panda] task=0 copy=0 src=None score_mode=action best_action=None best_latent=None best_score=None new_copy=0 it=200000 bc=7.083364e-04 keep_ratio=0.3300 active_action_dim_mask=[1, 1, 1, 0]
[tsn-improved-reuse-panda] task=0 copy=0 src=None score_mode=action best_action=None best_latent=None best_score=None new_copy=0 it=220000 bc=1.002280e-03 keep_ratio=0.3300 active_action_dim_mask=[1, 1, 1, 0]
[tsn-improved-reuse-panda] task=0 copy=0 src=None score_mode=action best_action=None best_latent=None best_score=None new_copy=0 it=240000 bc=6.767601e-04 keep_ratio=0.3300 active_action_dim_mask=[1, 1, 1, 0]
[tsn-improved-reuse-panda] task=0 copy=0 src=None score_mode=action best_action=None best_latent=None best_score=None new_copy=0 it=260000 bc=6.804384e-04 keep_ratio=0.3300 active_action_dim_mask=[1, 1, 1, 0]
[tsn-improved-reuse-panda] task=0 copy=0 src=None score_mode=action best_action=None best_latent=None best_score=None new_copy=0 it=280000 bc=7.460373e-04 keep_ratio=0.3300 active_action_dim_mask=[1, 1, 1, 0]
[tsn-improved-reuse-panda] task=0 copy=0 src=None score_mode=action best_action=None best_latent=None best_score=None new_copy=0 it=300000 bc=8.891611e-04 keep_ratio=0.3300 active_action_dim_mask=[1, 1, 1, 0]
[tsn-improved-reuse-panda] task=0 copy=0 src=None score_mode=action best_action=None best_latent=None best_score=None new_copy=0 it=320000 bc=5.967681e-04 keep_ratio=0.3300 active_action_dim_mask=[1, 1, 1, 0]
[tsn-improved-reuse-panda] task=0 copy=0 src=None score_mode=action best_action=None best_latent=None best_score=None new_copy=0 it=340000 bc=5.772376e-04 keep_ratio=0.3300 active_action_dim_mask=[1, 1, 1, 0]
[tsn-improved-reuse-panda] task=0 copy=0 src=None score_mode=action best_action=None best_latent=None best_score=None new_copy=0 it=360000 bc=7.040227e-04 keep_ratio=0.3300 active_action_dim_mask=[1, 1, 1, 0]
[tsn-improved-reuse-panda] task=0 copy=0 src=None score_mode=action best_action=None best_latent=None best_score=None new_copy=0 it=380000 bc=5.765532e-04 keep_ratio=0.3300 active_action_dim_mask=[1, 1, 1, 0]
[tsn-improved-reuse-panda] task=0 copy=0 src=None score_mode=action best_action=None best_latent=None best_score=None new_copy=0 it=400000 bc=5.035948e-04 keep_ratio=0.3300 active_action_dim_mask=[1, 1, 1, 0]
[tsn-improved-reuse-panda] task=0 copy=0 src=None score_mode=action best_action=None best_latent=None best_score=None new_copy=0 it=420000 bc=5.161507e-04 keep_ratio=0.3300 active_action_dim_mask=[1, 1, 1, 0]
[tsn-improved-reuse-panda] task=0 copy=0 src=None score_mode=action best_action=None best_latent=None best_score=None new_copy=0 it=440000 bc=4.561100e-04 keep_ratio=0.3300 active_action_dim_mask=[1, 1, 1, 0]
[tsn-improved-reuse-panda] task=0 copy=0 src=None score_mode=action best_action=None best_latent=None best_score=None new_copy=0 it=460000 bc=4.763941e-04 keep_ratio=0.3300 active_action_dim_mask=[1, 1, 1, 0]
[tsn-improved-reuse-panda] task=0 copy=0 src=None score_mode=action best_action=None best_latent=None best_score=None new_copy=0 it=480000 bc=4.976617e-04 keep_ratio=0.3300 active_action_dim_mask=[1, 1, 1, 0]
[tsn-improved-reuse-panda] task=0 copy=0 src=None score_mode=action best_action=None best_latent=None best_score=None new_copy=0 it=500000 bc=6.283202e-04 keep_ratio=0.3300 active_action_dim_mask=[1, 1, 1, 0]
[tsn-improved-reuse-panda] task=0 copy=0 src=None score_mode=action best_action=None best_latent=None best_score=None new_copy=0 it=520000 bc=4.963358e-04 keep_ratio=0.3300 active_action_dim_mask=[1, 1, 1, 0]
[tsn-improved-reuse-panda] task=0 copy=0 src=None score_mode=action best_action=None best_latent=None best_score=None new_copy=0 it=540000 bc=4.832570e-04 keep_ratio=0.3300 active_action_dim_mask=[1, 1, 1, 0]
[tsn-improved-reuse-panda] task=0 copy=0 src=None score_mode=action best_action=None best_latent=None best_score=None new_copy=0 it=560000 bc=4.179329e-04 keep_ratio=0.3300 active_action_dim_mask=[1, 1, 1, 0]
[tsn-improved-reuse-panda] task=0 copy=0 src=None score_mode=action best_action=None best_latent=None best_score=None new_copy=0 it=580000 bc=3.886533e-04 keep_ratio=0.3300 active_action_dim_mask=[1, 1, 1, 0]
[tsn-improved-reuse-panda] task=0 copy=0 src=None score_mode=action best_action=None best_latent=None best_score=None new_copy=0 it=600000 bc=3.997399e-04 keep_ratio=0.3300 active_action_dim_mask=[1, 1, 1, 0]
[tsn-improved-reuse-panda] task=0 copy=0 src=None score_mode=action best_action=None best_latent=None best_score=None new_copy=0 it=620000 bc=4.284950e-04 keep_ratio=0.3300 active_action_dim_mask=[1, 1, 1, 0]
[tsn-improved-reuse-panda] task=0 copy=0 src=None score_mode=action best_action=None best_latent=None best_score=None new_copy=0 it=640000 bc=3.604636e-04 keep_ratio=0.3300 active_action_dim_mask=[1, 1, 1, 0]
[tsn-improved-reuse-panda] task=0 copy=0 src=None score_mode=action best_action=None best_latent=None best_score=None new_copy=0 it=660000 bc=3.125519e-04 keep_ratio=0.3300 active_action_dim_mask=[1, 1, 1, 0]
[tsn-improved-reuse-panda] task=0 copy=0 src=None score_mode=action best_action=None best_latent=None best_score=None new_copy=0 it=680000 bc=3.940761e-04 keep_ratio=0.3300 active_action_dim_mask=[1, 1, 1, 0]
[tsn-improved-reuse-panda] task=0 copy=0 src=None score_mode=action best_action=None best_latent=None best_score=None new_copy=0 it=700000 bc=3.792559e-04 keep_ratio=0.3300 active_action_dim_mask=[1, 1, 1, 0]
[tsn-improved-reuse-panda] task=0 copy=0 src=None score_mode=action best_action=None best_latent=None best_score=None new_copy=0 it=720000 bc=3.521606e-04 keep_ratio=0.3300 active_action_dim_mask=[1, 1, 1, 0]
[tsn-improved-reuse-panda] task=0 copy=0 src=None score_mode=action best_action=None best_latent=None best_score=None new_copy=0 it=740000 bc=3.688810e-04 keep_ratio=0.3300 active_action_dim_mask=[1, 1, 1, 0]
[tsn-improved-reuse-panda] task=0 copy=0 src=None score_mode=action best_action=None best_latent=None best_score=None new_copy=0 it=760000 bc=4.024811e-04 keep_ratio=0.3300 active_action_dim_mask=[1, 1, 1, 0]
[tsn-improved-reuse-panda] task=0 copy=0 src=None score_mode=action best_action=None best_latent=None best_score=None new_copy=0 it=780000 bc=6.194533e-04 keep_ratio=0.3300 active_action_dim_mask=[1, 1, 1, 0]
[tsn-improved-reuse-panda] task=0 copy=0 src=None score_mode=action best_action=None best_latent=None best_score=None new_copy=0 it=800000 bc=3.464388e-04 keep_ratio=0.3300 active_action_dim_mask=[1, 1, 1, 0]
[tsn-improved-reuse-panda] task=0 copy=0 src=None score_mode=action best_action=None best_latent=None best_score=None new_copy=0 it=820000 bc=3.899828e-04 keep_ratio=0.3300 active_action_dim_mask=[1, 1, 1, 0]
[tsn-improved-reuse-panda] task=0 copy=0 src=None score_mode=action best_action=None best_latent=None best_score=None new_copy=0 it=840000 bc=3.763961e-04 keep_ratio=0.3300 active_action_dim_mask=[1, 1, 1, 0]
[tsn-improved-reuse-panda] task=0 copy=0 src=None score_mode=action best_action=None best_latent=None best_score=None new_copy=0 it=860000 bc=3.085100e-04 keep_ratio=0.3300 active_action_dim_mask=[1, 1, 1, 0]
[tsn-improved-reuse-panda] task=0 copy=0 src=None score_mode=action best_action=None best_latent=None best_score=None new_copy=0 it=880000 bc=3.105234e-04 keep_ratio=0.3300 active_action_dim_mask=[1, 1, 1, 0]
[tsn-improved-reuse-panda] task=0 copy=0 src=None score_mode=action best_action=None best_latent=None best_score=None new_copy=0 it=900000 bc=3.667201e-04 keep_ratio=0.3300 active_action_dim_mask=[1, 1, 1, 0]
[tsn-improved-reuse-panda] task=0 copy=0 src=None score_mode=action best_action=None best_latent=None best_score=None new_copy=0 it=920000 bc=3.274452e-04 keep_ratio=0.3300 active_action_dim_mask=[1, 1, 1, 0]
[tsn-improved-reuse-panda] task=0 copy=0 src=None score_mode=action best_action=None best_latent=None best_score=None new_copy=0 it=940000 bc=3.744646e-04 keep_ratio=0.3300 active_action_dim_mask=[1, 1, 1, 0]
[tsn-improved-reuse-panda] task=0 copy=0 src=None score_mode=action best_action=None best_latent=None best_score=None new_copy=0 it=960000 bc=2.876317e-04 keep_ratio=0.3300 active_action_dim_mask=[1, 1, 1, 0]
[tsn-improved-reuse-panda] task=0 copy=0 src=None score_mode=action best_action=None best_latent=None best_score=None new_copy=0 it=980000 bc=3.042796e-04 keep_ratio=0.3300 active_action_dim_mask=[1, 1, 1, 0]
[tsn-improved-reuse-panda] task=0 copy=0 src=None score_mode=action best_action=None best_latent=None best_score=None new_copy=0 it=999999 bc=3.391952e-04 keep_ratio=0.3300 active_action_dim_mask=[1, 1, 1, 0]
[tsn-old-reuse-panda] after task 0: copy=0 occupied_ratio=0.3300 source_task=None best_kl=None
[eval] after task 1 on PandaReach: -0.189 (target=-0.000320)
[eval] after task 1 on PandaPush: -7.755 (target=-0.436000)
[eval] after task 1 on PandaPickAndPlace: -9.580 (target=-0.001000)

[Task 2/3] Train on PandaPush
DTBackbone config: DTConfig(n_layer=3, n_head=1, n_embd=128, dropout=0.1, bias=False, K=20, max_ep_len=50, state_dim=128, act_discrete=False, act_vocab_size=1, act_dim=4, act_tanh=False, tanh_embeddings=False)
DTBackbone parameters: 0.61M
[tsn-improved-reuse-panda] task=1 copy=1 src=0 score_mode=action best_action=1.1225120425224304 best_latent=None best_score=1.1225120425224304 new_copy=1 it=0 bc=5.403700e-01 keep_ratio=0.3300 active_action_dim_mask=[1, 1, 1, 0]
[tsn-improved-reuse-panda] task=1 copy=1 src=0 score_mode=action best_action=1.1225120425224304 best_latent=None best_score=1.1225120425224304 new_copy=1 it=20000 bc=3.897198e-02 keep_ratio=0.3300 active_action_dim_mask=[1, 1, 1, 0]
[tsn-improved-reuse-panda] task=1 copy=1 src=0 score_mode=action best_action=1.1225120425224304 best_latent=None best_score=1.1225120425224304 new_copy=1 it=40000 bc=4.710551e-02 keep_ratio=0.3300 active_action_dim_mask=[1, 1, 1, 0]
[tsn-improved-reuse-panda] task=1 copy=1 src=0 score_mode=action best_action=1.1225120425224304 best_latent=None best_score=1.1225120425224304 new_copy=1 it=60000 bc=3.402204e-02 keep_ratio=0.3300 active_action_dim_mask=[1, 1, 1, 0]
[tsn-improved-reuse-panda] task=1 copy=1 src=0 score_mode=action best_action=1.1225120425224304 best_latent=None best_score=1.1225120425224304 new_copy=1 it=80000 bc=3.273870e-02 keep_ratio=0.3300 active_action_dim_mask=[1, 1, 1, 0]
[tsn-improved-reuse-panda] task=1 copy=1 src=0 score_mode=action best_action=1.1225120425224304 best_latent=None best_score=1.1225120425224304 new_copy=1 it=100000 bc=1.430992e-02 keep_ratio=0.3300 active_action_dim_mask=[1, 1, 1, 0]
[tsn-improved-reuse-panda] task=1 copy=1 src=0 score_mode=action best_action=1.1225120425224304 best_latent=None best_score=1.1225120425224304 new_copy=1 it=120000 bc=2.214429e-02 keep_ratio=0.3300 active_action_dim_mask=[1, 1, 1, 0]
[tsn-improved-reuse-panda] task=1 copy=1 src=0 score_mode=action best_action=1.1225120425224304 best_latent=None best_score=1.1225120425224304 new_copy=1 it=140000 bc=2.377208e-02 keep_ratio=0.3300 active_action_dim_mask=[1, 1, 1, 0]
[tsn-improved-reuse-panda] task=1 copy=1 src=0 score_mode=action best_action=1.1225120425224304 best_latent=None best_score=1.1225120425224304 new_copy=1 it=160000 bc=1.593344e-02 keep_ratio=0.3300 active_action_dim_mask=[1, 1, 1, 0]
[tsn-improved-reuse-panda] task=1 copy=1 src=0 score_mode=action best_action=1.1225120425224304 best_latent=None best_score=1.1225120425224304 new_copy=1 it=180000 bc=2.709934e-02 keep_ratio=0.3300 active_action_dim_mask=[1, 1, 1, 0]
[tsn-improved-reuse-panda] task=1 copy=1 src=0 score_mode=action best_action=1.1225120425224304 best_latent=None best_score=1.1225120425224304 new_copy=1 it=200000 bc=1.757260e-02 keep_ratio=0.3300 active_action_dim_mask=[1, 1, 1, 0]
[tsn-improved-reuse-panda] task=1 copy=1 src=0 score_mode=action best_action=1.1225120425224304 best_latent=None best_score=1.1225120425224304 new_copy=1 it=220000 bc=2.822758e-02 keep_ratio=0.3300 active_action_dim_mask=[1, 1, 1, 0]
[tsn-improved-reuse-panda] task=1 copy=1 src=0 score_mode=action best_action=1.1225120425224304 best_latent=None best_score=1.1225120425224304 new_copy=1 it=240000 bc=2.818343e-02 keep_ratio=0.3300 active_action_dim_mask=[1, 1, 1, 0]
[tsn-improved-reuse-panda] task=1 copy=1 src=0 score_mode=action best_action=1.1225120425224304 best_latent=None best_score=1.1225120425224304 new_copy=1 it=260000 bc=1.639741e-02 keep_ratio=0.3300 active_action_dim_mask=[1, 1, 1, 0]
[tsn-improved-reuse-panda] task=1 copy=1 src=0 score_mode=action best_action=1.1225120425224304 best_latent=None best_score=1.1225120425224304 new_copy=1 it=280000 bc=2.367421e-02 keep_ratio=0.3300 active_action_dim_mask=[1, 1, 1, 0]
[tsn-improved-reuse-panda] task=1 copy=1 src=0 score_mode=action best_action=1.1225120425224304 best_latent=None best_score=1.1225120425224304 new_copy=1 it=300000 bc=2.075330e-02 keep_ratio=0.3300 active_action_dim_mask=[1, 1, 1, 0]
[tsn-improved-reuse-panda] task=1 copy=1 src=0 score_mode=action best_action=1.1225120425224304 best_latent=None best_score=1.1225120425224304 new_copy=1 it=320000 bc=2.339226e-02 keep_ratio=0.3300 active_action_dim_mask=[1, 1, 1, 0]
[tsn-improved-reuse-panda] task=1 copy=1 src=0 score_mode=action best_action=1.1225120425224304 best_latent=None best_score=1.1225120425224304 new_copy=1 it=340000 bc=2.417876e-02 keep_ratio=0.3300 active_action_dim_mask=[1, 1, 1, 0]
[tsn-improved-reuse-panda] task=1 copy=1 src=0 score_mode=action best_action=1.1225120425224304 best_latent=None best_score=1.1225120425224304 new_copy=1 it=360000 bc=2.207597e-02 keep_ratio=0.3300 active_action_dim_mask=[1, 1, 1, 0]
[tsn-improved-reuse-panda] task=1 copy=1 src=0 score_mode=action best_action=1.1225120425224304 best_latent=None best_score=1.1225120425224304 new_copy=1 it=380000 bc=2.041374e-02 keep_ratio=0.3300 active_action_dim_mask=[1, 1, 1, 0]
[tsn-improved-reuse-panda] task=1 copy=1 src=0 score_mode=action best_action=1.1225120425224304 best_latent=None best_score=1.1225120425224304 new_copy=1 it=400000 bc=1.674210e-02 keep_ratio=0.3300 active_action_dim_mask=[1, 1, 1, 0]
[tsn-improved-reuse-panda] task=1 copy=1 src=0 score_mode=action best_action=1.1225120425224304 best_latent=None best_score=1.1225120425224304 new_copy=1 it=420000 bc=2.043292e-02 keep_ratio=0.3300 active_action_dim_mask=[1, 1, 1, 0]
[tsn-improved-reuse-panda] task=1 copy=1 src=0 score_mode=action best_action=1.1225120425224304 best_latent=None best_score=1.1225120425224304 new_copy=1 it=440000 bc=1.465350e-02 keep_ratio=0.3300 active_action_dim_mask=[1, 1, 1, 0]
[tsn-improved-reuse-panda] task=1 copy=1 src=0 score_mode=action best_action=1.1225120425224304 best_latent=None best_score=1.1225120425224304 new_copy=1 it=460000 bc=1.690918e-02 keep_ratio=0.3300 active_action_dim_mask=[1, 1, 1, 0]
[tsn-improved-reuse-panda] task=1 copy=1 src=0 score_mode=action best_action=1.1225120425224304 best_latent=None best_score=1.1225120425224304 new_copy=1 it=480000 bc=1.795491e-02 keep_ratio=0.3300 active_action_dim_mask=[1, 1, 1, 0]
[tsn-improved-reuse-panda] task=1 copy=1 src=0 score_mode=action best_action=1.1225120425224304 best_latent=None best_score=1.1225120425224304 new_copy=1 it=500000 bc=1.625617e-02 keep_ratio=0.3300 active_action_dim_mask=[1, 1, 1, 0]
[tsn-improved-reuse-panda] task=1 copy=1 src=0 score_mode=action best_action=1.1225120425224304 best_latent=None best_score=1.1225120425224304 new_copy=1 it=520000 bc=1.800896e-02 keep_ratio=0.3300 active_action_dim_mask=[1, 1, 1, 0]
[tsn-improved-reuse-panda] task=1 copy=1 src=0 score_mode=action best_action=1.1225120425224304 best_latent=None best_score=1.1225120425224304 new_copy=1 it=540000 bc=1.997288e-02 keep_ratio=0.3300 active_action_dim_mask=[1, 1, 1, 0]
[tsn-improved-reuse-panda] task=1 copy=1 src=0 score_mode=action best_action=1.1225120425224304 best_latent=None best_score=1.1225120425224304 new_copy=1 it=560000 bc=1.322128e-02 keep_ratio=0.3300 active_action_dim_mask=[1, 1, 1, 0]
[tsn-improved-reuse-panda] task=1 copy=1 src=0 score_mode=action best_action=1.1225120425224304 best_latent=None best_score=1.1225120425224304 new_copy=1 it=580000 bc=1.889703e-02 keep_ratio=0.3300 active_action_dim_mask=[1, 1, 1, 0]
[tsn-improved-reuse-panda] task=1 copy=1 src=0 score_mode=action best_action=1.1225120425224304 best_latent=None best_score=1.1225120425224304 new_copy=1 it=600000 bc=1.354268e-02 keep_ratio=0.3300 active_action_dim_mask=[1, 1, 1, 0]
[tsn-improved-reuse-panda] task=1 copy=1 src=0 score_mode=action best_action=1.1225120425224304 best_latent=None best_score=1.1225120425224304 new_copy=1 it=620000 bc=1.696975e-02 keep_ratio=0.3300 active_action_dim_mask=[1, 1, 1, 0]
[tsn-improved-reuse-panda] task=1 copy=1 src=0 score_mode=action best_action=1.1225120425224304 best_latent=None best_score=1.1225120425224304 new_copy=1 it=640000 bc=2.062577e-02 keep_ratio=0.3300 active_action_dim_mask=[1, 1, 1, 0]
[tsn-improved-reuse-panda] task=1 copy=1 src=0 score_mode=action best_action=1.1225120425224304 best_latent=None best_score=1.1225120425224304 new_copy=1 it=660000 bc=1.688333e-02 keep_ratio=0.3300 active_action_dim_mask=[1, 1, 1, 0]
[tsn-improved-reuse-panda] task=1 copy=1 src=0 score_mode=action best_action=1.1225120425224304 best_latent=None best_score=1.1225120425224304 new_copy=1 it=680000 bc=1.668949e-02 keep_ratio=0.3300 active_action_dim_mask=[1, 1, 1, 0]
[tsn-improved-reuse-panda] task=1 copy=1 src=0 score_mode=action best_action=1.1225120425224304 best_latent=None best_score=1.1225120425224304 new_copy=1 it=700000 bc=1.882101e-02 keep_ratio=0.3300 active_action_dim_mask=[1, 1, 1, 0]
[tsn-improved-reuse-panda] task=1 copy=1 src=0 score_mode=action best_action=1.1225120425224304 best_latent=None best_score=1.1225120425224304 new_copy=1 it=720000 bc=1.264951e-02 keep_ratio=0.3300 active_action_dim_mask=[1, 1, 1, 0]
[tsn-improved-reuse-panda] task=1 copy=1 src=0 score_mode=action best_action=1.1225120425224304 best_latent=None best_score=1.1225120425224304 new_copy=1 it=740000 bc=1.894105e-02 keep_ratio=0.3300 active_action_dim_mask=[1, 1, 1, 0]
[tsn-improved-reuse-panda] task=1 copy=1 src=0 score_mode=action best_action=1.1225120425224304 best_latent=None best_score=1.1225120425224304 new_copy=1 it=760000 bc=1.781079e-02 keep_ratio=0.3300 active_action_dim_mask=[1, 1, 1, 0]
[tsn-improved-reuse-panda] task=1 copy=1 src=0 score_mode=action best_action=1.1225120425224304 best_latent=None best_score=1.1225120425224304 new_copy=1 it=780000 bc=1.469534e-02 keep_ratio=0.3300 active_action_dim_mask=[1, 1, 1, 0]
[tsn-improved-reuse-panda] task=1 copy=1 src=0 score_mode=action best_action=1.1225120425224304 best_latent=None best_score=1.1225120425224304 new_copy=1 it=800000 bc=1.720961e-02 keep_ratio=0.3300 active_action_dim_mask=[1, 1, 1, 0]
[tsn-improved-reuse-panda] task=1 copy=1 src=0 score_mode=action best_action=1.1225120425224304 best_latent=None best_score=1.1225120425224304 new_copy=1 it=820000 bc=1.789897e-02 keep_ratio=0.3300 active_action_dim_mask=[1, 1, 1, 0]
[tsn-improved-reuse-panda] task=1 copy=1 src=0 score_mode=action best_action=1.1225120425224304 best_latent=None best_score=1.1225120425224304 new_copy=1 it=840000 bc=1.764192e-02 keep_ratio=0.3300 active_action_dim_mask=[1, 1, 1, 0]
[tsn-improved-reuse-panda] task=1 copy=1 src=0 score_mode=action best_action=1.1225120425224304 best_latent=None best_score=1.1225120425224304 new_copy=1 it=860000 bc=1.659608e-02 keep_ratio=0.3300 active_action_dim_mask=[1, 1, 1, 0]
[tsn-improved-reuse-panda] task=1 copy=1 src=0 score_mode=action best_action=1.1225120425224304 best_latent=None best_score=1.1225120425224304 new_copy=1 it=880000 bc=1.644745e-02 keep_ratio=0.3300 active_action_dim_mask=[1, 1, 1, 0]
[tsn-improved-reuse-panda] task=1 copy=1 src=0 score_mode=action best_action=1.1225120425224304 best_latent=None best_score=1.1225120425224304 new_copy=1 it=900000 bc=1.713213e-02 keep_ratio=0.3300 active_action_dim_mask=[1, 1, 1, 0]
[tsn-improved-reuse-panda] task=1 copy=1 src=0 score_mode=action best_action=1.1225120425224304 best_latent=None best_score=1.1225120425224304 new_copy=1 it=920000 bc=1.220823e-02 keep_ratio=0.3300 active_action_dim_mask=[1, 1, 1, 0]
[tsn-improved-reuse-panda] task=1 copy=1 src=0 score_mode=action best_action=1.1225120425224304 best_latent=None best_score=1.1225120425224304 new_copy=1 it=940000 bc=1.493660e-02 keep_ratio=0.3300 active_action_dim_mask=[1, 1, 1, 0]
[tsn-improved-reuse-panda] task=1 copy=1 src=0 score_mode=action best_action=1.1225120425224304 best_latent=None best_score=1.1225120425224304 new_copy=1 it=960000 bc=1.616241e-02 keep_ratio=0.3300 active_action_dim_mask=[1, 1, 1, 0]
[tsn-improved-reuse-panda] task=1 copy=1 src=0 score_mode=action best_action=1.1225120425224304 best_latent=None best_score=1.1225120425224304 new_copy=1 it=980000 bc=1.535483e-02 keep_ratio=0.3300 active_action_dim_mask=[1, 1, 1, 0]
[tsn-improved-reuse-panda] task=1 copy=1 src=0 score_mode=action best_action=1.1225120425224304 best_latent=None best_score=1.1225120425224304 new_copy=1 it=999999 bc=1.384079e-02 keep_ratio=0.3300 active_action_dim_mask=[1, 1, 1, 0]
[tsn-old-reuse-panda] after task 1: copy=1 occupied_ratio=0.3300 source_task=0 best_kl=None
[eval] after task 2 on PandaReach: -0.189 (target=-0.000320)
[eval] after task 2 on PandaPush: -0.970 (target=-0.436000)
[eval] after task 2 on PandaPickAndPlace: -11.285 (target=-0.001000)

[Task 3/3] Train on PandaPickAndPlace
DTBackbone config: DTConfig(n_layer=3, n_head=1, n_embd=128, dropout=0.1, bias=False, K=20, max_ep_len=50, state_dim=128, act_discrete=False, act_vocab_size=1, act_dim=4, act_tanh=False, tanh_embeddings=False)
DTBackbone parameters: 0.61M
[tsn-improved-reuse-panda] task=2 copy=2 src=0 score_mode=action best_action=0.7200752347707748 best_latent=None best_score=0.7200752347707748 new_copy=1 it=0 bc=6.037916e-01 keep_ratio=0.3300 active_action_dim_mask=[1, 1, 1, 1]
[tsn-improved-reuse-panda] task=2 copy=2 src=0 score_mode=action best_action=0.7200752347707748 best_latent=None best_score=0.7200752347707748 new_copy=1 it=20000 bc=6.256241e-02 keep_ratio=0.3300 active_action_dim_mask=[1, 1, 1, 1]
[tsn-improved-reuse-panda] task=2 copy=2 src=0 score_mode=action best_action=0.7200752347707748 best_latent=None best_score=0.7200752347707748 new_copy=1 it=40000 bc=5.523128e-02 keep_ratio=0.3300 active_action_dim_mask=[1, 1, 1, 1]
[tsn-improved-reuse-panda] task=2 copy=2 src=0 score_mode=action best_action=0.7200752347707748 best_latent=None best_score=0.7200752347707748 new_copy=1 it=60000 bc=4.735169e-02 keep_ratio=0.3300 active_action_dim_mask=[1, 1, 1, 1]
[tsn-improved-reuse-panda] task=2 copy=2 src=0 score_mode=action best_action=0.7200752347707748 best_latent=None best_score=0.7200752347707748 new_copy=1 it=80000 bc=4.104518e-02 keep_ratio=0.3300 active_action_dim_mask=[1, 1, 1, 1]
[tsn-improved-reuse-panda] task=2 copy=2 src=0 score_mode=action best_action=0.7200752347707748 best_latent=None best_score=0.7200752347707748 new_copy=1 it=100000 bc=4.359456e-02 keep_ratio=0.3300 active_action_dim_mask=[1, 1, 1, 1]
[tsn-improved-reuse-panda] task=2 copy=2 src=0 score_mode=action best_action=0.7200752347707748 best_latent=None best_score=0.7200752347707748 new_copy=1 it=120000 bc=3.372409e-02 keep_ratio=0.3300 active_action_dim_mask=[1, 1, 1, 1]
[tsn-improved-reuse-panda] task=2 copy=2 src=0 score_mode=action best_action=0.7200752347707748 best_latent=None best_score=0.7200752347707748 new_copy=1 it=140000 bc=4.642656e-02 keep_ratio=0.3300 active_action_dim_mask=[1, 1, 1, 1]
[tsn-improved-reuse-panda] task=2 copy=2 src=0 score_mode=action best_action=0.7200752347707748 best_latent=None best_score=0.7200752347707748 new_copy=1 it=160000 bc=3.691810e-02 keep_ratio=0.3300 active_action_dim_mask=[1, 1, 1, 1]
[tsn-improved-reuse-panda] task=2 copy=2 src=0 score_mode=action best_action=0.7200752347707748 best_latent=None best_score=0.7200752347707748 new_copy=1 it=180000 bc=4.819088e-02 keep_ratio=0.3300 active_action_dim_mask=[1, 1, 1, 1]
[tsn-improved-reuse-panda] task=2 copy=2 src=0 score_mode=action best_action=0.7200752347707748 best_latent=None best_score=0.7200752347707748 new_copy=1 it=200000 bc=3.757397e-02 keep_ratio=0.3300 active_action_dim_mask=[1, 1, 1, 1]
[tsn-improved-reuse-panda] task=2 copy=2 src=0 score_mode=action best_action=0.7200752347707748 best_latent=None best_score=0.7200752347707748 new_copy=1 it=220000 bc=3.440377e-02 keep_ratio=0.3300 active_action_dim_mask=[1, 1, 1, 1]
[tsn-improved-reuse-panda] task=2 copy=2 src=0 score_mode=action best_action=0.7200752347707748 best_latent=None best_score=0.7200752347707748 new_copy=1 it=240000 bc=3.508110e-02 keep_ratio=0.3300 active_action_dim_mask=[1, 1, 1, 1]
[tsn-improved-reuse-panda] task=2 copy=2 src=0 score_mode=action best_action=0.7200752347707748 best_latent=None best_score=0.7200752347707748 new_copy=1 it=260000 bc=3.741463e-02 keep_ratio=0.3300 active_action_dim_mask=[1, 1, 1, 1]
[tsn-improved-reuse-panda] task=2 copy=2 src=0 score_mode=action best_action=0.7200752347707748 best_latent=None best_score=0.7200752347707748 new_copy=1 it=280000 bc=3.445286e-02 keep_ratio=0.3300 active_action_dim_mask=[1, 1, 1, 1]
[tsn-improved-reuse-panda] task=2 copy=2 src=0 score_mode=action best_action=0.7200752347707748 best_latent=None best_score=0.7200752347707748 new_copy=1 it=300000 bc=3.772774e-02 keep_ratio=0.3300 active_action_dim_mask=[1, 1, 1, 1]
[tsn-improved-reuse-panda] task=2 copy=2 src=0 score_mode=action best_action=0.7200752347707748 best_latent=None best_score=0.7200752347707748 new_copy=1 it=320000 bc=3.000327e-02 keep_ratio=0.3300 active_action_dim_mask=[1, 1, 1, 1]
[tsn-improved-reuse-panda] task=2 copy=2 src=0 score_mode=action best_action=0.7200752347707748 best_latent=None best_score=0.7200752347707748 new_copy=1 it=340000 bc=4.044630e-02 keep_ratio=0.3300 active_action_dim_mask=[1, 1, 1, 1]
[tsn-improved-reuse-panda] task=2 copy=2 src=0 score_mode=action best_action=0.7200752347707748 best_latent=None best_score=0.7200752347707748 new_copy=1 it=360000 bc=3.367529e-02 keep_ratio=0.3300 active_action_dim_mask=[1, 1, 1, 1]
[tsn-improved-reuse-panda] task=2 copy=2 src=0 score_mode=action best_action=0.7200752347707748 best_latent=None best_score=0.7200752347707748 new_copy=1 it=380000 bc=3.093355e-02 keep_ratio=0.3300 active_action_dim_mask=[1, 1, 1, 1]
[tsn-improved-reuse-panda] task=2 copy=2 src=0 score_mode=action best_action=0.7200752347707748 best_latent=None best_score=0.7200752347707748 new_copy=1 it=400000 bc=3.405342e-02 keep_ratio=0.3300 active_action_dim_mask=[1, 1, 1, 1]
[tsn-improved-reuse-panda] task=2 copy=2 src=0 score_mode=action best_action=0.7200752347707748 best_latent=None best_score=0.7200752347707748 new_copy=1 it=420000 bc=3.069445e-02 keep_ratio=0.3300 active_action_dim_mask=[1, 1, 1, 1]
[tsn-improved-reuse-panda] task=2 copy=2 src=0 score_mode=action best_action=0.7200752347707748 best_latent=None best_score=0.7200752347707748 new_copy=1 it=440000 bc=3.204092e-02 keep_ratio=0.3300 active_action_dim_mask=[1, 1, 1, 1]
[tsn-improved-reuse-panda] task=2 copy=2 src=0 score_mode=action best_action=0.7200752347707748 best_latent=None best_score=0.7200752347707748 new_copy=1 it=460000 bc=3.562670e-02 keep_ratio=0.3300 active_action_dim_mask=[1, 1, 1, 1]
[tsn-improved-reuse-panda] task=2 copy=2 src=0 score_mode=action best_action=0.7200752347707748 best_latent=None best_score=0.7200752347707748 new_copy=1 it=480000 bc=3.719823e-02 keep_ratio=0.3300 active_action_dim_mask=[1, 1, 1, 1]
[tsn-improved-reuse-panda] task=2 copy=2 src=0 score_mode=action best_action=0.7200752347707748 best_latent=None best_score=0.7200752347707748 new_copy=1 it=500000 bc=3.573842e-02 keep_ratio=0.3300 active_action_dim_mask=[1, 1, 1, 1]
[tsn-improved-reuse-panda] task=2 copy=2 src=0 score_mode=action best_action=0.7200752347707748 best_latent=None best_score=0.7200752347707748 new_copy=1 it=520000 bc=3.360835e-02 keep_ratio=0.3300 active_action_dim_mask=[1, 1, 1, 1]
[tsn-improved-reuse-panda] task=2 copy=2 src=0 score_mode=action best_action=0.7200752347707748 best_latent=None best_score=0.7200752347707748 new_copy=1 it=540000 bc=3.760049e-02 keep_ratio=0.3300 active_action_dim_mask=[1, 1, 1, 1]
[tsn-improved-reuse-panda] task=2 copy=2 src=0 score_mode=action best_action=0.7200752347707748 best_latent=None best_score=0.7200752347707748 new_copy=1 it=560000 bc=3.744861e-02 keep_ratio=0.3300 active_action_dim_mask=[1, 1, 1, 1]
[tsn-improved-reuse-panda] task=2 copy=2 src=0 score_mode=action best_action=0.7200752347707748 best_latent=None best_score=0.7200752347707748 new_copy=1 it=580000 bc=3.922388e-02 keep_ratio=0.3300 active_action_dim_mask=[1, 1, 1, 1]
[tsn-improved-reuse-panda] task=2 copy=2 src=0 score_mode=action best_action=0.7200752347707748 best_latent=None best_score=0.7200752347707748 new_copy=1 it=600000 bc=3.376012e-02 keep_ratio=0.3300 active_action_dim_mask=[1, 1, 1, 1]
[tsn-improved-reuse-panda] task=2 copy=2 src=0 score_mode=action best_action=0.7200752347707748 best_latent=None best_score=0.7200752347707748 new_copy=1 it=620000 bc=4.094081e-02 keep_ratio=0.3300 active_action_dim_mask=[1, 1, 1, 1]
[tsn-improved-reuse-panda] task=2 copy=2 src=0 score_mode=action best_action=0.7200752347707748 best_latent=None best_score=0.7200752347707748 new_copy=1 it=640000 bc=3.652711e-02 keep_ratio=0.3300 active_action_dim_mask=[1, 1, 1, 1]
[tsn-improved-reuse-panda] task=2 copy=2 src=0 score_mode=action best_action=0.7200752347707748 best_latent=None best_score=0.7200752347707748 new_copy=1 it=660000 bc=3.089014e-02 keep_ratio=0.3300 active_action_dim_mask=[1, 1, 1, 1]
[tsn-improved-reuse-panda] task=2 copy=2 src=0 score_mode=action best_action=0.7200752347707748 best_latent=None best_score=0.7200752347707748 new_copy=1 it=680000 bc=3.388352e-02 keep_ratio=0.3300 active_action_dim_mask=[1, 1, 1, 1]
[tsn-improved-reuse-panda] task=2 copy=2 src=0 score_mode=action best_action=0.7200752347707748 best_latent=None best_score=0.7200752347707748 new_copy=1 it=700000 bc=3.650673e-02 keep_ratio=0.3300 active_action_dim_mask=[1, 1, 1, 1]
[tsn-improved-reuse-panda] task=2 copy=2 src=0 score_mode=action best_action=0.7200752347707748 best_latent=None best_score=0.7200752347707748 new_copy=1 it=720000 bc=3.107622e-02 keep_ratio=0.3300 active_action_dim_mask=[1, 1, 1, 1]
[tsn-improved-reuse-panda] task=2 copy=2 src=0 score_mode=action best_action=0.7200752347707748 best_latent=None best_score=0.7200752347707748 new_copy=1 it=740000 bc=3.172311e-02 keep_ratio=0.3300 active_action_dim_mask=[1, 1, 1, 1]
[tsn-improved-reuse-panda] task=2 copy=2 src=0 score_mode=action best_action=0.7200752347707748 best_latent=None best_score=0.7200752347707748 new_copy=1 it=760000 bc=3.357982e-02 keep_ratio=0.3300 active_action_dim_mask=[1, 1, 1, 1]
[tsn-improved-reuse-panda] task=2 copy=2 src=0 score_mode=action best_action=0.7200752347707748 best_latent=None best_score=0.7200752347707748 new_copy=1 it=780000 bc=3.272424e-02 keep_ratio=0.3300 active_action_dim_mask=[1, 1, 1, 1]
[tsn-improved-reuse-panda] task=2 copy=2 src=0 score_mode=action best_action=0.7200752347707748 best_latent=None best_score=0.7200752347707748 new_copy=1 it=800000 bc=3.138675e-02 keep_ratio=0.3300 active_action_dim_mask=[1, 1, 1, 1]
[tsn-improved-reuse-panda] task=2 copy=2 src=0 score_mode=action best_action=0.7200752347707748 best_latent=None best_score=0.7200752347707748 new_copy=1 it=820000 bc=3.006980e-02 keep_ratio=0.3300 active_action_dim_mask=[1, 1, 1, 1]
[tsn-improved-reuse-panda] task=2 copy=2 src=0 score_mode=action best_action=0.7200752347707748 best_latent=None best_score=0.7200752347707748 new_copy=1 it=840000 bc=2.773060e-02 keep_ratio=0.3300 active_action_dim_mask=[1, 1, 1, 1]
[tsn-improved-reuse-panda] task=2 copy=2 src=0 score_mode=action best_action=0.7200752347707748 best_latent=None best_score=0.7200752347707748 new_copy=1 it=860000 bc=3.134882e-02 keep_ratio=0.3300 active_action_dim_mask=[1, 1, 1, 1]
[tsn-improved-reuse-panda] task=2 copy=2 src=0 score_mode=action best_action=0.7200752347707748 best_latent=None best_score=0.7200752347707748 new_copy=1 it=880000 bc=3.636790e-02 keep_ratio=0.3300 active_action_dim_mask=[1, 1, 1, 1]
[tsn-improved-reuse-panda] task=2 copy=2 src=0 score_mode=action best_action=0.7200752347707748 best_latent=None best_score=0.7200752347707748 new_copy=1 it=900000 bc=3.447979e-02 keep_ratio=0.3300 active_action_dim_mask=[1, 1, 1, 1]
[tsn-improved-reuse-panda] task=2 copy=2 src=0 score_mode=action best_action=0.7200752347707748 best_latent=None best_score=0.7200752347707748 new_copy=1 it=920000 bc=3.135260e-02 keep_ratio=0.3300 active_action_dim_mask=[1, 1, 1, 1]
[tsn-improved-reuse-panda] task=2 copy=2 src=0 score_mode=action best_action=0.7200752347707748 best_latent=None best_score=0.7200752347707748 new_copy=1 it=940000 bc=3.436227e-02 keep_ratio=0.3300 active_action_dim_mask=[1, 1, 1, 1]
[tsn-improved-reuse-panda] task=2 copy=2 src=0 score_mode=action best_action=0.7200752347707748 best_latent=None best_score=0.7200752347707748 new_copy=1 it=960000 bc=3.187045e-02 keep_ratio=0.3300 active_action_dim_mask=[1, 1, 1, 1]
[tsn-improved-reuse-panda] task=2 copy=2 src=0 score_mode=action best_action=0.7200752347707748 best_latent=None best_score=0.7200752347707748 new_copy=1 it=980000 bc=3.529947e-02 keep_ratio=0.3300 active_action_dim_mask=[1, 1, 1, 1]
[tsn-improved-reuse-panda] task=2 copy=2 src=0 score_mode=action best_action=0.7200752347707748 best_latent=None best_score=0.7200752347707748 new_copy=1 it=999999 bc=3.121381e-02 keep_ratio=0.3300 active_action_dim_mask=[1, 1, 1, 1]
[tsn-old-reuse-panda] after task 2: copy=2 occupied_ratio=0.3300 source_task=0 best_kl=None
[eval] after task 3 on PandaReach: -0.189 (target=-0.000320)
[eval] after task 3 on PandaPush: -0.972 (target=-0.436000)
[eval] after task 3 on PandaPickAndPlace: -1.422 (target=-0.001000)

Done. Saved Panda CL results to: /net/home/plgrid/plgdomin088/runs/panda__tsn_improved_reuse__panda3_impr_action__dm128_L3_H1_K20_drop0.10__rsm-action_athr0.35__r001__20260412-112623
argv[0]=--background_color_red=0.8745098114013672
argv[1]=--background_color_green=0.21176470816135406
argv[2]=--background_color_blue=0.1764705926179886
argv[0]=--background_color_red=0.8745098114013672
argv[1]=--background_color_green=0.21176470816135406
argv[2]=--background_color_blue=0.1764705926179886
argv[0]=--background_color_red=0.8745098114013672
argv[1]=--background_color_green=0.21176470816135406
argv[2]=--background_color_blue=0.1764705926179886
argv[0]=--background_color_red=0.8745098114013672
argv[1]=--background_color_green=0.21176470816135406
argv[2]=--background_color_blue=0.1764705926179886
argv[0]=--background_color_red=0.8745098114013672
argv[1]=--background_color_green=0.21176470816135406
argv[2]=--background_color_blue=0.1764705926179886
argv[0]=--background_color_red=0.8745098114013672
argv[1]=--background_color_green=0.21176470816135406
argv[2]=--background_color_blue=0.1764705926179886
