t0021
t0021
t0021
t0021
t0021
t0021
t0021
t0021
 GCCcore/13.2.0 loaded.
 zlib/1.2.13 loaded.
 binutils/2.40 loaded.
 bzip2/1.0.8 loaded.
 ncurses/6.4 loaded.
 libreadline/8.2 loaded.
 Tcl/8.6.13 loaded.
 SQLite/3.43.1 loaded.
 XZ/5.4.4 loaded.
 libffi/3.4.4 loaded.
 OpenSSL/1.1 loaded.
 Python/3.11.5 loaded.
pybullet build time: Jan 29 2025 23:17:20
[device] cuda

=== Loading Panda tasks ===
[TASK] PandaReach | env=PandaReachDense-v3 | data=/net/tscratch/people/plgdomin088/datasets/panda_expert/panda_reach_dense_1m_expert.pkl
  use_time_feature=True
  dataset obs shape: (3, 13), actions shape: (3, 3)
  env obs_space: Dict('achieved_goal': Box(-10.0, 10.0, (3,), float32), 'desired_goal': Box(-10.0, 10.0, (3,), float32), 'observation': Box([-10. -10. -10. -10. -10. -10.   0.], [10. 10. 10. 10. 10. 10.  1.], (7,), float32)), act_space: Box(-1.0, 1.0, (3,), float32)
  dataset episodes=370669 | return mean=-0.208 min=-0.633 max=-0.000
[TASK] PandaPush | env=PandaPushDense-v3 | data=/net/tscratch/people/plgdomin088/datasets/panda_expert/panda_push_dense_1m_expert.pkl
  use_time_feature=True
  dataset obs shape: (6, 25), actions shape: (6, 3)
  env obs_space: Dict('achieved_goal': Box(-10.0, 10.0, (3,), float32), 'desired_goal': Box(-10.0, 10.0, (3,), float32), 'observation': Box([-10. -10. -10. -10. -10. -10. -10. -10. -10. -10. -10. -10. -10. -10.
 -10. -10. -10. -10.   0.], [10. 10. 10. 10. 10. 10. 10. 10. 10. 10. 10. 10. 10. 10. 10. 10. 10. 10.
  1.], (19,), float32)), act_space: Box(-1.0, 1.0, (3,), float32)
  dataset episodes=141668 | return mean=-0.937 min=-33.158 max=-0.001
[TASK] PandaPickAndPlace | env=PandaPickAndPlaceDense-v3 | data=/net/tscratch/people/plgdomin088/datasets/panda_expert/panda_pick_and_place_dense_1m_expert.pkl
  use_time_feature=True
  dataset obs shape: (6, 26), actions shape: (6, 4)
  env obs_space: Dict('achieved_goal': Box(-10.0, 10.0, (3,), float32), 'desired_goal': Box(-10.0, 10.0, (3,), float32), 'observation': Box([-10. -10. -10. -10. -10. -10. -10. -10. -10. -10. -10. -10. -10. -10.
 -10. -10. -10. -10. -10.   0.], [10. 10. 10. 10. 10. 10. 10. 10. 10. 10. 10. 10. 10. 10. 10. 10. 10. 10.
 10.  1.], (20,), float32)), act_space: Box(-1.0, 1.0, (4,), float32)
  dataset episodes=119353 | return mean=-1.298 min=-57.910 max=-0.001
[lens] PandaReach: max_len=5 -> timestep_clip_max=4
[lens] PandaPush: max_len=50 -> timestep_clip_max=49
[lens] PandaPickAndPlace: max_len=50 -> timestep_clip_max=49

[global dims] obs_dim=26 (per-task=[13, 25, 26]), act_dim=4 (per-task=[3, 3, 4])
[target] PandaReach: target_return=-0.000320 (hardcoded)
[target] PandaPush: target_return=-0.436000 (hardcoded)
[target] PandaPickAndPlace: target_return=-0.001000 (hardcoded)
DTBackbone config: DTConfig(n_layer=3, n_head=1, n_embd=128, dropout=0.1, bias=False, K=20, max_ep_len=50, state_dim=128, act_discrete=False, act_vocab_size=1, act_dim=4, act_tanh=False, tanh_embeddings=False)
DTBackbone parameters: 0.61M

[run_dir] /net/people/plgrid/plgdomin088/runs/20260409-085739/panda/tsn_improved_reuse/panda3_impr_hybrid__dm128_L3_H1_K20_drop0.10__rsm-hybrid_hthr0.5_ha0.70
[tasks] ['PandaReach', 'PandaPush', 'PandaPickAndPlace']
[model_signature] dm128_L3_H1_K20_drop0.10

[Task 1/3] Train on PandaReach
[tsn-improved-reuse-panda] task=0 copy=0 src=None score_mode=hybrid best_action=None best_latent=None best_score=None new_copy=0 it=0 bc=6.173379e-01 keep_ratio=0.3300 active_action_dim_mask=[1, 1, 1, 0]
[tsn-improved-reuse-panda] task=0 copy=0 src=None score_mode=hybrid best_action=None best_latent=None best_score=None new_copy=0 it=20000 bc=2.737825e-03 keep_ratio=0.3300 active_action_dim_mask=[1, 1, 1, 0]
[tsn-improved-reuse-panda] task=0 copy=0 src=None score_mode=hybrid best_action=None best_latent=None best_score=None new_copy=0 it=40000 bc=1.809273e-03 keep_ratio=0.3300 active_action_dim_mask=[1, 1, 1, 0]
[tsn-improved-reuse-panda] task=0 copy=0 src=None score_mode=hybrid best_action=None best_latent=None best_score=None new_copy=0 it=60000 bc=1.533373e-03 keep_ratio=0.3300 active_action_dim_mask=[1, 1, 1, 0]
[tsn-improved-reuse-panda] task=0 copy=0 src=None score_mode=hybrid best_action=None best_latent=None best_score=None new_copy=0 it=80000 bc=1.107041e-03 keep_ratio=0.3300 active_action_dim_mask=[1, 1, 1, 0]
[tsn-improved-reuse-panda] task=0 copy=0 src=None score_mode=hybrid best_action=None best_latent=None best_score=None new_copy=0 it=100000 bc=1.221389e-03 keep_ratio=0.3300 active_action_dim_mask=[1, 1, 1, 0]
[tsn-improved-reuse-panda] task=0 copy=0 src=None score_mode=hybrid best_action=None best_latent=None best_score=None new_copy=0 it=120000 bc=1.071243e-03 keep_ratio=0.3300 active_action_dim_mask=[1, 1, 1, 0]
[tsn-improved-reuse-panda] task=0 copy=0 src=None score_mode=hybrid best_action=None best_latent=None best_score=None new_copy=0 it=140000 bc=1.068339e-03 keep_ratio=0.3300 active_action_dim_mask=[1, 1, 1, 0]
[tsn-improved-reuse-panda] task=0 copy=0 src=None score_mode=hybrid best_action=None best_latent=None best_score=None new_copy=0 it=160000 bc=1.130429e-03 keep_ratio=0.3300 active_action_dim_mask=[1, 1, 1, 0]
[tsn-improved-reuse-panda] task=0 copy=0 src=None score_mode=hybrid best_action=None best_latent=None best_score=None new_copy=0 it=180000 bc=9.076953e-04 keep_ratio=0.3300 active_action_dim_mask=[1, 1, 1, 0]
[tsn-improved-reuse-panda] task=0 copy=0 src=None score_mode=hybrid best_action=None best_latent=None best_score=None new_copy=0 it=200000 bc=8.465365e-04 keep_ratio=0.3300 active_action_dim_mask=[1, 1, 1, 0]
[tsn-improved-reuse-panda] task=0 copy=0 src=None score_mode=hybrid best_action=None best_latent=None best_score=None new_copy=0 it=220000 bc=7.630040e-04 keep_ratio=0.3300 active_action_dim_mask=[1, 1, 1, 0]
[tsn-improved-reuse-panda] task=0 copy=0 src=None score_mode=hybrid best_action=None best_latent=None best_score=None new_copy=0 it=240000 bc=6.825686e-04 keep_ratio=0.3300 active_action_dim_mask=[1, 1, 1, 0]
[tsn-improved-reuse-panda] task=0 copy=0 src=None score_mode=hybrid best_action=None best_latent=None best_score=None new_copy=0 it=260000 bc=5.592056e-04 keep_ratio=0.3300 active_action_dim_mask=[1, 1, 1, 0]
[tsn-improved-reuse-panda] task=0 copy=0 src=None score_mode=hybrid best_action=None best_latent=None best_score=None new_copy=0 it=280000 bc=8.094438e-04 keep_ratio=0.3300 active_action_dim_mask=[1, 1, 1, 0]
[tsn-improved-reuse-panda] task=0 copy=0 src=None score_mode=hybrid best_action=None best_latent=None best_score=None new_copy=0 it=300000 bc=7.127357e-04 keep_ratio=0.3300 active_action_dim_mask=[1, 1, 1, 0]
[tsn-improved-reuse-panda] task=0 copy=0 src=None score_mode=hybrid best_action=None best_latent=None best_score=None new_copy=0 it=320000 bc=6.391791e-04 keep_ratio=0.3300 active_action_dim_mask=[1, 1, 1, 0]
[tsn-improved-reuse-panda] task=0 copy=0 src=None score_mode=hybrid best_action=None best_latent=None best_score=None new_copy=0 it=340000 bc=6.372239e-04 keep_ratio=0.3300 active_action_dim_mask=[1, 1, 1, 0]
[tsn-improved-reuse-panda] task=0 copy=0 src=None score_mode=hybrid best_action=None best_latent=None best_score=None new_copy=0 it=360000 bc=5.322277e-04 keep_ratio=0.3300 active_action_dim_mask=[1, 1, 1, 0]
[tsn-improved-reuse-panda] task=0 copy=0 src=None score_mode=hybrid best_action=None best_latent=None best_score=None new_copy=0 it=380000 bc=6.198665e-04 keep_ratio=0.3300 active_action_dim_mask=[1, 1, 1, 0]
[tsn-improved-reuse-panda] task=0 copy=0 src=None score_mode=hybrid best_action=None best_latent=None best_score=None new_copy=0 it=400000 bc=4.939344e-04 keep_ratio=0.3300 active_action_dim_mask=[1, 1, 1, 0]
[tsn-improved-reuse-panda] task=0 copy=0 src=None score_mode=hybrid best_action=None best_latent=None best_score=None new_copy=0 it=420000 bc=4.895260e-04 keep_ratio=0.3300 active_action_dim_mask=[1, 1, 1, 0]
[tsn-improved-reuse-panda] task=0 copy=0 src=None score_mode=hybrid best_action=None best_latent=None best_score=None new_copy=0 it=440000 bc=5.037758e-04 keep_ratio=0.3300 active_action_dim_mask=[1, 1, 1, 0]
[tsn-improved-reuse-panda] task=0 copy=0 src=None score_mode=hybrid best_action=None best_latent=None best_score=None new_copy=0 it=460000 bc=4.408927e-04 keep_ratio=0.3300 active_action_dim_mask=[1, 1, 1, 0]
[tsn-improved-reuse-panda] task=0 copy=0 src=None score_mode=hybrid best_action=None best_latent=None best_score=None new_copy=0 it=480000 bc=5.429502e-04 keep_ratio=0.3300 active_action_dim_mask=[1, 1, 1, 0]
[tsn-improved-reuse-panda] task=0 copy=0 src=None score_mode=hybrid best_action=None best_latent=None best_score=None new_copy=0 it=500000 bc=4.983033e-04 keep_ratio=0.3300 active_action_dim_mask=[1, 1, 1, 0]
[tsn-improved-reuse-panda] task=0 copy=0 src=None score_mode=hybrid best_action=None best_latent=None best_score=None new_copy=0 it=520000 bc=4.200551e-04 keep_ratio=0.3300 active_action_dim_mask=[1, 1, 1, 0]
[tsn-improved-reuse-panda] task=0 copy=0 src=None score_mode=hybrid best_action=None best_latent=None best_score=None new_copy=0 it=540000 bc=5.767508e-04 keep_ratio=0.3300 active_action_dim_mask=[1, 1, 1, 0]
[tsn-improved-reuse-panda] task=0 copy=0 src=None score_mode=hybrid best_action=None best_latent=None best_score=None new_copy=0 it=560000 bc=4.536011e-04 keep_ratio=0.3300 active_action_dim_mask=[1, 1, 1, 0]
[tsn-improved-reuse-panda] task=0 copy=0 src=None score_mode=hybrid best_action=None best_latent=None best_score=None new_copy=0 it=580000 bc=3.638724e-04 keep_ratio=0.3300 active_action_dim_mask=[1, 1, 1, 0]
[tsn-improved-reuse-panda] task=0 copy=0 src=None score_mode=hybrid best_action=None best_latent=None best_score=None new_copy=0 it=600000 bc=3.802516e-04 keep_ratio=0.3300 active_action_dim_mask=[1, 1, 1, 0]
[tsn-improved-reuse-panda] task=0 copy=0 src=None score_mode=hybrid best_action=None best_latent=None best_score=None new_copy=0 it=620000 bc=4.320365e-04 keep_ratio=0.3300 active_action_dim_mask=[1, 1, 1, 0]
[tsn-improved-reuse-panda] task=0 copy=0 src=None score_mode=hybrid best_action=None best_latent=None best_score=None new_copy=0 it=640000 bc=4.807803e-04 keep_ratio=0.3300 active_action_dim_mask=[1, 1, 1, 0]
[tsn-improved-reuse-panda] task=0 copy=0 src=None score_mode=hybrid best_action=None best_latent=None best_score=None new_copy=0 it=660000 bc=3.607552e-04 keep_ratio=0.3300 active_action_dim_mask=[1, 1, 1, 0]
[tsn-improved-reuse-panda] task=0 copy=0 src=None score_mode=hybrid best_action=None best_latent=None best_score=None new_copy=0 it=680000 bc=3.584015e-04 keep_ratio=0.3300 active_action_dim_mask=[1, 1, 1, 0]
[tsn-improved-reuse-panda] task=0 copy=0 src=None score_mode=hybrid best_action=None best_latent=None best_score=None new_copy=0 it=700000 bc=4.237025e-04 keep_ratio=0.3300 active_action_dim_mask=[1, 1, 1, 0]
[tsn-improved-reuse-panda] task=0 copy=0 src=None score_mode=hybrid best_action=None best_latent=None best_score=None new_copy=0 it=720000 bc=3.209743e-04 keep_ratio=0.3300 active_action_dim_mask=[1, 1, 1, 0]
[tsn-improved-reuse-panda] task=0 copy=0 src=None score_mode=hybrid best_action=None best_latent=None best_score=None new_copy=0 it=740000 bc=3.418316e-04 keep_ratio=0.3300 active_action_dim_mask=[1, 1, 1, 0]
[tsn-improved-reuse-panda] task=0 copy=0 src=None score_mode=hybrid best_action=None best_latent=None best_score=None new_copy=0 it=760000 bc=3.802246e-04 keep_ratio=0.3300 active_action_dim_mask=[1, 1, 1, 0]
[tsn-improved-reuse-panda] task=0 copy=0 src=None score_mode=hybrid best_action=None best_latent=None best_score=None new_copy=0 it=780000 bc=3.759091e-04 keep_ratio=0.3300 active_action_dim_mask=[1, 1, 1, 0]
[tsn-improved-reuse-panda] task=0 copy=0 src=None score_mode=hybrid best_action=None best_latent=None best_score=None new_copy=0 it=800000 bc=3.321471e-04 keep_ratio=0.3300 active_action_dim_mask=[1, 1, 1, 0]
[tsn-improved-reuse-panda] task=0 copy=0 src=None score_mode=hybrid best_action=None best_latent=None best_score=None new_copy=0 it=820000 bc=3.485294e-04 keep_ratio=0.3300 active_action_dim_mask=[1, 1, 1, 0]
[tsn-improved-reuse-panda] task=0 copy=0 src=None score_mode=hybrid best_action=None best_latent=None best_score=None new_copy=0 it=840000 bc=3.345926e-04 keep_ratio=0.3300 active_action_dim_mask=[1, 1, 1, 0]
[tsn-improved-reuse-panda] task=0 copy=0 src=None score_mode=hybrid best_action=None best_latent=None best_score=None new_copy=0 it=860000 bc=2.948823e-04 keep_ratio=0.3300 active_action_dim_mask=[1, 1, 1, 0]
[tsn-improved-reuse-panda] task=0 copy=0 src=None score_mode=hybrid best_action=None best_latent=None best_score=None new_copy=0 it=880000 bc=3.089091e-04 keep_ratio=0.3300 active_action_dim_mask=[1, 1, 1, 0]
[tsn-improved-reuse-panda] task=0 copy=0 src=None score_mode=hybrid best_action=None best_latent=None best_score=None new_copy=0 it=900000 bc=3.409009e-04 keep_ratio=0.3300 active_action_dim_mask=[1, 1, 1, 0]
[tsn-improved-reuse-panda] task=0 copy=0 src=None score_mode=hybrid best_action=None best_latent=None best_score=None new_copy=0 it=920000 bc=3.263086e-04 keep_ratio=0.3300 active_action_dim_mask=[1, 1, 1, 0]
[tsn-improved-reuse-panda] task=0 copy=0 src=None score_mode=hybrid best_action=None best_latent=None best_score=None new_copy=0 it=940000 bc=3.465168e-04 keep_ratio=0.3300 active_action_dim_mask=[1, 1, 1, 0]
[tsn-improved-reuse-panda] task=0 copy=0 src=None score_mode=hybrid best_action=None best_latent=None best_score=None new_copy=0 it=960000 bc=2.884680e-04 keep_ratio=0.3300 active_action_dim_mask=[1, 1, 1, 0]
[tsn-improved-reuse-panda] task=0 copy=0 src=None score_mode=hybrid best_action=None best_latent=None best_score=None new_copy=0 it=980000 bc=3.261008e-04 keep_ratio=0.3300 active_action_dim_mask=[1, 1, 1, 0]
[tsn-improved-reuse-panda] task=0 copy=0 src=None score_mode=hybrid best_action=None best_latent=None best_score=None new_copy=0 it=999999 bc=3.144249e-04 keep_ratio=0.3300 active_action_dim_mask=[1, 1, 1, 0]
[tsn-old-reuse-panda] after task 0: copy=0 occupied_ratio=0.3300 source_task=None best_kl=None
[eval] after task 1 on PandaReach: -0.189 (target=-0.000320)
[eval] after task 1 on PandaPush: -7.755 (target=-0.436000)
[eval] after task 1 on PandaPickAndPlace: -9.803 (target=-0.001000)

[Task 2/3] Train on PandaPush
DTBackbone config: DTConfig(n_layer=3, n_head=1, n_embd=128, dropout=0.1, bias=False, K=20, max_ep_len=50, state_dim=128, act_discrete=False, act_vocab_size=1, act_dim=4, act_tanh=False, tanh_embeddings=False)
DTBackbone parameters: 0.61M
[tsn-improved-reuse-panda] task=1 copy=1 src=0 score_mode=hybrid best_action=0.9888559132814407 best_latent=830.8055419921875 best_score=23.81364928984642 new_copy=1 it=0 bc=5.970003e-01 keep_ratio=0.3300 active_action_dim_mask=[1, 1, 1, 0]
[tsn-improved-reuse-panda] task=1 copy=1 src=0 score_mode=hybrid best_action=0.9888559132814407 best_latent=830.8055419921875 best_score=23.81364928984642 new_copy=1 it=20000 bc=3.782275e-02 keep_ratio=0.3300 active_action_dim_mask=[1, 1, 1, 0]
[tsn-improved-reuse-panda] task=1 copy=1 src=0 score_mode=hybrid best_action=0.9888559132814407 best_latent=830.8055419921875 best_score=23.81364928984642 new_copy=1 it=40000 bc=4.568563e-02 keep_ratio=0.3300 active_action_dim_mask=[1, 1, 1, 0]
[tsn-improved-reuse-panda] task=1 copy=1 src=0 score_mode=hybrid best_action=0.9888559132814407 best_latent=830.8055419921875 best_score=23.81364928984642 new_copy=1 it=60000 bc=3.145629e-02 keep_ratio=0.3300 active_action_dim_mask=[1, 1, 1, 0]
[tsn-improved-reuse-panda] task=1 copy=1 src=0 score_mode=hybrid best_action=0.9888559132814407 best_latent=830.8055419921875 best_score=23.81364928984642 new_copy=1 it=80000 bc=2.628904e-02 keep_ratio=0.3300 active_action_dim_mask=[1, 1, 1, 0]
[tsn-improved-reuse-panda] task=1 copy=1 src=0 score_mode=hybrid best_action=0.9888559132814407 best_latent=830.8055419921875 best_score=23.81364928984642 new_copy=1 it=100000 bc=1.531875e-02 keep_ratio=0.3300 active_action_dim_mask=[1, 1, 1, 0]
[tsn-improved-reuse-panda] task=1 copy=1 src=0 score_mode=hybrid best_action=0.9888559132814407 best_latent=830.8055419921875 best_score=23.81364928984642 new_copy=1 it=120000 bc=2.172317e-02 keep_ratio=0.3300 active_action_dim_mask=[1, 1, 1, 0]
[tsn-improved-reuse-panda] task=1 copy=1 src=0 score_mode=hybrid best_action=0.9888559132814407 best_latent=830.8055419921875 best_score=23.81364928984642 new_copy=1 it=140000 bc=2.458852e-02 keep_ratio=0.3300 active_action_dim_mask=[1, 1, 1, 0]
[tsn-improved-reuse-panda] task=1 copy=1 src=0 score_mode=hybrid best_action=0.9888559132814407 best_latent=830.8055419921875 best_score=23.81364928984642 new_copy=1 it=160000 bc=1.570462e-02 keep_ratio=0.3300 active_action_dim_mask=[1, 1, 1, 0]
[tsn-improved-reuse-panda] task=1 copy=1 src=0 score_mode=hybrid best_action=0.9888559132814407 best_latent=830.8055419921875 best_score=23.81364928984642 new_copy=1 it=180000 bc=2.603072e-02 keep_ratio=0.3300 active_action_dim_mask=[1, 1, 1, 0]
[tsn-improved-reuse-panda] task=1 copy=1 src=0 score_mode=hybrid best_action=0.9888559132814407 best_latent=830.8055419921875 best_score=23.81364928984642 new_copy=1 it=200000 bc=1.862327e-02 keep_ratio=0.3300 active_action_dim_mask=[1, 1, 1, 0]
[tsn-improved-reuse-panda] task=1 copy=1 src=0 score_mode=hybrid best_action=0.9888559132814407 best_latent=830.8055419921875 best_score=23.81364928984642 new_copy=1 it=220000 bc=2.749654e-02 keep_ratio=0.3300 active_action_dim_mask=[1, 1, 1, 0]
[tsn-improved-reuse-panda] task=1 copy=1 src=0 score_mode=hybrid best_action=0.9888559132814407 best_latent=830.8055419921875 best_score=23.81364928984642 new_copy=1 it=240000 bc=2.897399e-02 keep_ratio=0.3300 active_action_dim_mask=[1, 1, 1, 0]
[tsn-improved-reuse-panda] task=1 copy=1 src=0 score_mode=hybrid best_action=0.9888559132814407 best_latent=830.8055419921875 best_score=23.81364928984642 new_copy=1 it=260000 bc=1.776931e-02 keep_ratio=0.3300 active_action_dim_mask=[1, 1, 1, 0]
[tsn-improved-reuse-panda] task=1 copy=1 src=0 score_mode=hybrid best_action=0.9888559132814407 best_latent=830.8055419921875 best_score=23.81364928984642 new_copy=1 it=280000 bc=2.085856e-02 keep_ratio=0.3300 active_action_dim_mask=[1, 1, 1, 0]
[tsn-improved-reuse-panda] task=1 copy=1 src=0 score_mode=hybrid best_action=0.9888559132814407 best_latent=830.8055419921875 best_score=23.81364928984642 new_copy=1 it=300000 bc=2.013253e-02 keep_ratio=0.3300 active_action_dim_mask=[1, 1, 1, 0]
[tsn-improved-reuse-panda] task=1 copy=1 src=0 score_mode=hybrid best_action=0.9888559132814407 best_latent=830.8055419921875 best_score=23.81364928984642 new_copy=1 it=320000 bc=2.141306e-02 keep_ratio=0.3300 active_action_dim_mask=[1, 1, 1, 0]
[tsn-improved-reuse-panda] task=1 copy=1 src=0 score_mode=hybrid best_action=0.9888559132814407 best_latent=830.8055419921875 best_score=23.81364928984642 new_copy=1 it=340000 bc=2.226792e-02 keep_ratio=0.3300 active_action_dim_mask=[1, 1, 1, 0]
[tsn-improved-reuse-panda] task=1 copy=1 src=0 score_mode=hybrid best_action=0.9888559132814407 best_latent=830.8055419921875 best_score=23.81364928984642 new_copy=1 it=360000 bc=1.876794e-02 keep_ratio=0.3300 active_action_dim_mask=[1, 1, 1, 0]
[tsn-improved-reuse-panda] task=1 copy=1 src=0 score_mode=hybrid best_action=0.9888559132814407 best_latent=830.8055419921875 best_score=23.81364928984642 new_copy=1 it=380000 bc=2.051801e-02 keep_ratio=0.3300 active_action_dim_mask=[1, 1, 1, 0]
[tsn-improved-reuse-panda] task=1 copy=1 src=0 score_mode=hybrid best_action=0.9888559132814407 best_latent=830.8055419921875 best_score=23.81364928984642 new_copy=1 it=400000 bc=1.827577e-02 keep_ratio=0.3300 active_action_dim_mask=[1, 1, 1, 0]
[tsn-improved-reuse-panda] task=1 copy=1 src=0 score_mode=hybrid best_action=0.9888559132814407 best_latent=830.8055419921875 best_score=23.81364928984642 new_copy=1 it=420000 bc=2.181840e-02 keep_ratio=0.3300 active_action_dim_mask=[1, 1, 1, 0]
[tsn-improved-reuse-panda] task=1 copy=1 src=0 score_mode=hybrid best_action=0.9888559132814407 best_latent=830.8055419921875 best_score=23.81364928984642 new_copy=1 it=440000 bc=1.640608e-02 keep_ratio=0.3300 active_action_dim_mask=[1, 1, 1, 0]
[tsn-improved-reuse-panda] task=1 copy=1 src=0 score_mode=hybrid best_action=0.9888559132814407 best_latent=830.8055419921875 best_score=23.81364928984642 new_copy=1 it=460000 bc=1.557721e-02 keep_ratio=0.3300 active_action_dim_mask=[1, 1, 1, 0]
[tsn-improved-reuse-panda] task=1 copy=1 src=0 score_mode=hybrid best_action=0.9888559132814407 best_latent=830.8055419921875 best_score=23.81364928984642 new_copy=1 it=480000 bc=1.867728e-02 keep_ratio=0.3300 active_action_dim_mask=[1, 1, 1, 0]
[tsn-improved-reuse-panda] task=1 copy=1 src=0 score_mode=hybrid best_action=0.9888559132814407 best_latent=830.8055419921875 best_score=23.81364928984642 new_copy=1 it=500000 bc=1.524855e-02 keep_ratio=0.3300 active_action_dim_mask=[1, 1, 1, 0]
[tsn-improved-reuse-panda] task=1 copy=1 src=0 score_mode=hybrid best_action=0.9888559132814407 best_latent=830.8055419921875 best_score=23.81364928984642 new_copy=1 it=520000 bc=1.576412e-02 keep_ratio=0.3300 active_action_dim_mask=[1, 1, 1, 0]
[tsn-improved-reuse-panda] task=1 copy=1 src=0 score_mode=hybrid best_action=0.9888559132814407 best_latent=830.8055419921875 best_score=23.81364928984642 new_copy=1 it=540000 bc=2.181805e-02 keep_ratio=0.3300 active_action_dim_mask=[1, 1, 1, 0]
[tsn-improved-reuse-panda] task=1 copy=1 src=0 score_mode=hybrid best_action=0.9888559132814407 best_latent=830.8055419921875 best_score=23.81364928984642 new_copy=1 it=560000 bc=1.324340e-02 keep_ratio=0.3300 active_action_dim_mask=[1, 1, 1, 0]
[tsn-improved-reuse-panda] task=1 copy=1 src=0 score_mode=hybrid best_action=0.9888559132814407 best_latent=830.8055419921875 best_score=23.81364928984642 new_copy=1 it=580000 bc=1.737991e-02 keep_ratio=0.3300 active_action_dim_mask=[1, 1, 1, 0]
[tsn-improved-reuse-panda] task=1 copy=1 src=0 score_mode=hybrid best_action=0.9888559132814407 best_latent=830.8055419921875 best_score=23.81364928984642 new_copy=1 it=600000 bc=1.394297e-02 keep_ratio=0.3300 active_action_dim_mask=[1, 1, 1, 0]
[tsn-improved-reuse-panda] task=1 copy=1 src=0 score_mode=hybrid best_action=0.9888559132814407 best_latent=830.8055419921875 best_score=23.81364928984642 new_copy=1 it=620000 bc=1.766814e-02 keep_ratio=0.3300 active_action_dim_mask=[1, 1, 1, 0]
[tsn-improved-reuse-panda] task=1 copy=1 src=0 score_mode=hybrid best_action=0.9888559132814407 best_latent=830.8055419921875 best_score=23.81364928984642 new_copy=1 it=640000 bc=1.761921e-02 keep_ratio=0.3300 active_action_dim_mask=[1, 1, 1, 0]
[tsn-improved-reuse-panda] task=1 copy=1 src=0 score_mode=hybrid best_action=0.9888559132814407 best_latent=830.8055419921875 best_score=23.81364928984642 new_copy=1 it=660000 bc=1.677448e-02 keep_ratio=0.3300 active_action_dim_mask=[1, 1, 1, 0]
[tsn-improved-reuse-panda] task=1 copy=1 src=0 score_mode=hybrid best_action=0.9888559132814407 best_latent=830.8055419921875 best_score=23.81364928984642 new_copy=1 it=680000 bc=1.670754e-02 keep_ratio=0.3300 active_action_dim_mask=[1, 1, 1, 0]
[tsn-improved-reuse-panda] task=1 copy=1 src=0 score_mode=hybrid best_action=0.9888559132814407 best_latent=830.8055419921875 best_score=23.81364928984642 new_copy=1 it=700000 bc=1.827680e-02 keep_ratio=0.3300 active_action_dim_mask=[1, 1, 1, 0]
[tsn-improved-reuse-panda] task=1 copy=1 src=0 score_mode=hybrid best_action=0.9888559132814407 best_latent=830.8055419921875 best_score=23.81364928984642 new_copy=1 it=720000 bc=1.243874e-02 keep_ratio=0.3300 active_action_dim_mask=[1, 1, 1, 0]
[tsn-improved-reuse-panda] task=1 copy=1 src=0 score_mode=hybrid best_action=0.9888559132814407 best_latent=830.8055419921875 best_score=23.81364928984642 new_copy=1 it=740000 bc=1.842793e-02 keep_ratio=0.3300 active_action_dim_mask=[1, 1, 1, 0]
[tsn-improved-reuse-panda] task=1 copy=1 src=0 score_mode=hybrid best_action=0.9888559132814407 best_latent=830.8055419921875 best_score=23.81364928984642 new_copy=1 it=760000 bc=1.803557e-02 keep_ratio=0.3300 active_action_dim_mask=[1, 1, 1, 0]
[tsn-improved-reuse-panda] task=1 copy=1 src=0 score_mode=hybrid best_action=0.9888559132814407 best_latent=830.8055419921875 best_score=23.81364928984642 new_copy=1 it=780000 bc=1.470574e-02 keep_ratio=0.3300 active_action_dim_mask=[1, 1, 1, 0]
[tsn-improved-reuse-panda] task=1 copy=1 src=0 score_mode=hybrid best_action=0.9888559132814407 best_latent=830.8055419921875 best_score=23.81364928984642 new_copy=1 it=800000 bc=1.461887e-02 keep_ratio=0.3300 active_action_dim_mask=[1, 1, 1, 0]
[tsn-improved-reuse-panda] task=1 copy=1 src=0 score_mode=hybrid best_action=0.9888559132814407 best_latent=830.8055419921875 best_score=23.81364928984642 new_copy=1 it=820000 bc=1.719356e-02 keep_ratio=0.3300 active_action_dim_mask=[1, 1, 1, 0]
[tsn-improved-reuse-panda] task=1 copy=1 src=0 score_mode=hybrid best_action=0.9888559132814407 best_latent=830.8055419921875 best_score=23.81364928984642 new_copy=1 it=840000 bc=1.590225e-02 keep_ratio=0.3300 active_action_dim_mask=[1, 1, 1, 0]
[tsn-improved-reuse-panda] task=1 copy=1 src=0 score_mode=hybrid best_action=0.9888559132814407 best_latent=830.8055419921875 best_score=23.81364928984642 new_copy=1 it=860000 bc=1.662242e-02 keep_ratio=0.3300 active_action_dim_mask=[1, 1, 1, 0]
[tsn-improved-reuse-panda] task=1 copy=1 src=0 score_mode=hybrid best_action=0.9888559132814407 best_latent=830.8055419921875 best_score=23.81364928984642 new_copy=1 it=880000 bc=1.546908e-02 keep_ratio=0.3300 active_action_dim_mask=[1, 1, 1, 0]
[tsn-improved-reuse-panda] task=1 copy=1 src=0 score_mode=hybrid best_action=0.9888559132814407 best_latent=830.8055419921875 best_score=23.81364928984642 new_copy=1 it=900000 bc=1.496554e-02 keep_ratio=0.3300 active_action_dim_mask=[1, 1, 1, 0]
[tsn-improved-reuse-panda] task=1 copy=1 src=0 score_mode=hybrid best_action=0.9888559132814407 best_latent=830.8055419921875 best_score=23.81364928984642 new_copy=1 it=920000 bc=1.364117e-02 keep_ratio=0.3300 active_action_dim_mask=[1, 1, 1, 0]
[tsn-improved-reuse-panda] task=1 copy=1 src=0 score_mode=hybrid best_action=0.9888559132814407 best_latent=830.8055419921875 best_score=23.81364928984642 new_copy=1 it=940000 bc=1.407245e-02 keep_ratio=0.3300 active_action_dim_mask=[1, 1, 1, 0]
[tsn-improved-reuse-panda] task=1 copy=1 src=0 score_mode=hybrid best_action=0.9888559132814407 best_latent=830.8055419921875 best_score=23.81364928984642 new_copy=1 it=960000 bc=1.527201e-02 keep_ratio=0.3300 active_action_dim_mask=[1, 1, 1, 0]
[tsn-improved-reuse-panda] task=1 copy=1 src=0 score_mode=hybrid best_action=0.9888559132814407 best_latent=830.8055419921875 best_score=23.81364928984642 new_copy=1 it=980000 bc=1.467850e-02 keep_ratio=0.3300 active_action_dim_mask=[1, 1, 1, 0]
[tsn-improved-reuse-panda] task=1 copy=1 src=0 score_mode=hybrid best_action=0.9888559132814407 best_latent=830.8055419921875 best_score=23.81364928984642 new_copy=1 it=999999 bc=1.431177e-02 keep_ratio=0.3300 active_action_dim_mask=[1, 1, 1, 0]
[tsn-old-reuse-panda] after task 1: copy=1 occupied_ratio=0.3300 source_task=0 best_kl=None
[eval] after task 2 on PandaReach: -0.189 (target=-0.000320)
[eval] after task 2 on PandaPush: -0.949 (target=-0.436000)
[eval] after task 2 on PandaPickAndPlace: -9.580 (target=-0.001000)

[Task 3/3] Train on PandaPickAndPlace
[tsn-improved-reuse-panda] task=2 copy=0 src=0 score_mode=hybrid best_action=0.6406717151403427 best_latent=791.1849365234375 best_score=-7.944578619550018e-07 new_copy=0 it=0 bc=9.460385e-01 keep_ratio=0.3300 active_action_dim_mask=[1, 1, 1, 1]
[tsn-improved-reuse-panda] task=2 copy=0 src=0 score_mode=hybrid best_action=0.6406717151403427 best_latent=791.1849365234375 best_score=-7.944578619550018e-07 new_copy=0 it=20000 bc=1.908991e-01 keep_ratio=0.3300 active_action_dim_mask=[1, 1, 1, 1]
[tsn-improved-reuse-panda] task=2 copy=0 src=0 score_mode=hybrid best_action=0.6406717151403427 best_latent=791.1849365234375 best_score=-7.944578619550018e-07 new_copy=0 it=40000 bc=1.619483e-01 keep_ratio=0.3300 active_action_dim_mask=[1, 1, 1, 1]
[tsn-improved-reuse-panda] task=2 copy=0 src=0 score_mode=hybrid best_action=0.6406717151403427 best_latent=791.1849365234375 best_score=-7.944578619550018e-07 new_copy=0 it=60000 bc=1.601014e-01 keep_ratio=0.3300 active_action_dim_mask=[1, 1, 1, 1]
[tsn-improved-reuse-panda] task=2 copy=0 src=0 score_mode=hybrid best_action=0.6406717151403427 best_latent=791.1849365234375 best_score=-7.944578619550018e-07 new_copy=0 it=80000 bc=1.221303e-01 keep_ratio=0.3300 active_action_dim_mask=[1, 1, 1, 1]
[tsn-improved-reuse-panda] task=2 copy=0 src=0 score_mode=hybrid best_action=0.6406717151403427 best_latent=791.1849365234375 best_score=-7.944578619550018e-07 new_copy=0 it=100000 bc=1.418023e-01 keep_ratio=0.3300 active_action_dim_mask=[1, 1, 1, 1]
[tsn-improved-reuse-panda] task=2 copy=0 src=0 score_mode=hybrid best_action=0.6406717151403427 best_latent=791.1849365234375 best_score=-7.944578619550018e-07 new_copy=0 it=120000 bc=1.018566e-01 keep_ratio=0.3300 active_action_dim_mask=[1, 1, 1, 1]
[tsn-improved-reuse-panda] task=2 copy=0 src=0 score_mode=hybrid best_action=0.6406717151403427 best_latent=791.1849365234375 best_score=-7.944578619550018e-07 new_copy=0 it=140000 bc=1.346944e-01 keep_ratio=0.3300 active_action_dim_mask=[1, 1, 1, 1]
[tsn-improved-reuse-panda] task=2 copy=0 src=0 score_mode=hybrid best_action=0.6406717151403427 best_latent=791.1849365234375 best_score=-7.944578619550018e-07 new_copy=0 it=160000 bc=1.245099e-01 keep_ratio=0.3300 active_action_dim_mask=[1, 1, 1, 1]
[tsn-improved-reuse-panda] task=2 copy=0 src=0 score_mode=hybrid best_action=0.6406717151403427 best_latent=791.1849365234375 best_score=-7.944578619550018e-07 new_copy=0 it=180000 bc=1.644476e-01 keep_ratio=0.3300 active_action_dim_mask=[1, 1, 1, 1]
[tsn-improved-reuse-panda] task=2 copy=0 src=0 score_mode=hybrid best_action=0.6406717151403427 best_latent=791.1849365234375 best_score=-7.944578619550018e-07 new_copy=0 it=200000 bc=1.116512e-01 keep_ratio=0.3300 active_action_dim_mask=[1, 1, 1, 1]
[tsn-improved-reuse-panda] task=2 copy=0 src=0 score_mode=hybrid best_action=0.6406717151403427 best_latent=791.1849365234375 best_score=-7.944578619550018e-07 new_copy=0 it=220000 bc=1.040480e-01 keep_ratio=0.3300 active_action_dim_mask=[1, 1, 1, 1]
[tsn-improved-reuse-panda] task=2 copy=0 src=0 score_mode=hybrid best_action=0.6406717151403427 best_latent=791.1849365234375 best_score=-7.944578619550018e-07 new_copy=0 it=240000 bc=1.107207e-01 keep_ratio=0.3300 active_action_dim_mask=[1, 1, 1, 1]
[tsn-improved-reuse-panda] task=2 copy=0 src=0 score_mode=hybrid best_action=0.6406717151403427 best_latent=791.1849365234375 best_score=-7.944578619550018e-07 new_copy=0 it=260000 bc=1.152342e-01 keep_ratio=0.3300 active_action_dim_mask=[1, 1, 1, 1]
[tsn-improved-reuse-panda] task=2 copy=0 src=0 score_mode=hybrid best_action=0.6406717151403427 best_latent=791.1849365234375 best_score=-7.944578619550018e-07 new_copy=0 it=280000 bc=1.094941e-01 keep_ratio=0.3300 active_action_dim_mask=[1, 1, 1, 1]
[tsn-improved-reuse-panda] task=2 copy=0 src=0 score_mode=hybrid best_action=0.6406717151403427 best_latent=791.1849365234375 best_score=-7.944578619550018e-07 new_copy=0 it=300000 bc=1.111326e-01 keep_ratio=0.3300 active_action_dim_mask=[1, 1, 1, 1]
[tsn-improved-reuse-panda] task=2 copy=0 src=0 score_mode=hybrid best_action=0.6406717151403427 best_latent=791.1849365234375 best_score=-7.944578619550018e-07 new_copy=0 it=320000 bc=8.595001e-02 keep_ratio=0.3300 active_action_dim_mask=[1, 1, 1, 1]
[tsn-improved-reuse-panda] task=2 copy=0 src=0 score_mode=hybrid best_action=0.6406717151403427 best_latent=791.1849365234375 best_score=-7.944578619550018e-07 new_copy=0 it=340000 bc=1.199523e-01 keep_ratio=0.3300 active_action_dim_mask=[1, 1, 1, 1]
[tsn-improved-reuse-panda] task=2 copy=0 src=0 score_mode=hybrid best_action=0.6406717151403427 best_latent=791.1849365234375 best_score=-7.944578619550018e-07 new_copy=0 it=360000 bc=1.060370e-01 keep_ratio=0.3300 active_action_dim_mask=[1, 1, 1, 1]
[tsn-improved-reuse-panda] task=2 copy=0 src=0 score_mode=hybrid best_action=0.6406717151403427 best_latent=791.1849365234375 best_score=-7.944578619550018e-07 new_copy=0 it=380000 bc=8.943246e-02 keep_ratio=0.3300 active_action_dim_mask=[1, 1, 1, 1]
[tsn-improved-reuse-panda] task=2 copy=0 src=0 score_mode=hybrid best_action=0.6406717151403427 best_latent=791.1849365234375 best_score=-7.944578619550018e-07 new_copy=0 it=400000 bc=9.166339e-02 keep_ratio=0.3300 active_action_dim_mask=[1, 1, 1, 1]
[tsn-improved-reuse-panda] task=2 copy=0 src=0 score_mode=hybrid best_action=0.6406717151403427 best_latent=791.1849365234375 best_score=-7.944578619550018e-07 new_copy=0 it=420000 bc=7.339213e-02 keep_ratio=0.3300 active_action_dim_mask=[1, 1, 1, 1]
[tsn-improved-reuse-panda] task=2 copy=0 src=0 score_mode=hybrid best_action=0.6406717151403427 best_latent=791.1849365234375 best_score=-7.944578619550018e-07 new_copy=0 it=440000 bc=9.412152e-02 keep_ratio=0.3300 active_action_dim_mask=[1, 1, 1, 1]
[tsn-improved-reuse-panda] task=2 copy=0 src=0 score_mode=hybrid best_action=0.6406717151403427 best_latent=791.1849365234375 best_score=-7.944578619550018e-07 new_copy=0 it=460000 bc=1.016556e-01 keep_ratio=0.3300 active_action_dim_mask=[1, 1, 1, 1]
[tsn-improved-reuse-panda] task=2 copy=0 src=0 score_mode=hybrid best_action=0.6406717151403427 best_latent=791.1849365234375 best_score=-7.944578619550018e-07 new_copy=0 it=480000 bc=1.168582e-01 keep_ratio=0.3300 active_action_dim_mask=[1, 1, 1, 1]
[tsn-improved-reuse-panda] task=2 copy=0 src=0 score_mode=hybrid best_action=0.6406717151403427 best_latent=791.1849365234375 best_score=-7.944578619550018e-07 new_copy=0 it=500000 bc=1.023914e-01 keep_ratio=0.3300 active_action_dim_mask=[1, 1, 1, 1]
[tsn-improved-reuse-panda] task=2 copy=0 src=0 score_mode=hybrid best_action=0.6406717151403427 best_latent=791.1849365234375 best_score=-7.944578619550018e-07 new_copy=0 it=520000 bc=8.879498e-02 keep_ratio=0.3300 active_action_dim_mask=[1, 1, 1, 1]
[tsn-improved-reuse-panda] task=2 copy=0 src=0 score_mode=hybrid best_action=0.6406717151403427 best_latent=791.1849365234375 best_score=-7.944578619550018e-07 new_copy=0 it=540000 bc=1.059004e-01 keep_ratio=0.3300 active_action_dim_mask=[1, 1, 1, 1]
[tsn-improved-reuse-panda] task=2 copy=0 src=0 score_mode=hybrid best_action=0.6406717151403427 best_latent=791.1849365234375 best_score=-7.944578619550018e-07 new_copy=0 it=560000 bc=1.077243e-01 keep_ratio=0.3300 active_action_dim_mask=[1, 1, 1, 1]
[tsn-improved-reuse-panda] task=2 copy=0 src=0 score_mode=hybrid best_action=0.6406717151403427 best_latent=791.1849365234375 best_score=-7.944578619550018e-07 new_copy=0 it=580000 bc=1.140810e-01 keep_ratio=0.3300 active_action_dim_mask=[1, 1, 1, 1]
[tsn-improved-reuse-panda] task=2 copy=0 src=0 score_mode=hybrid best_action=0.6406717151403427 best_latent=791.1849365234375 best_score=-7.944578619550018e-07 new_copy=0 it=600000 bc=9.783138e-02 keep_ratio=0.3300 active_action_dim_mask=[1, 1, 1, 1]
[tsn-improved-reuse-panda] task=2 copy=0 src=0 score_mode=hybrid best_action=0.6406717151403427 best_latent=791.1849365234375 best_score=-7.944578619550018e-07 new_copy=0 it=620000 bc=1.182728e-01 keep_ratio=0.3300 active_action_dim_mask=[1, 1, 1, 1]
[tsn-improved-reuse-panda] task=2 copy=0 src=0 score_mode=hybrid best_action=0.6406717151403427 best_latent=791.1849365234375 best_score=-7.944578619550018e-07 new_copy=0 it=640000 bc=9.796321e-02 keep_ratio=0.3300 active_action_dim_mask=[1, 1, 1, 1]
[tsn-improved-reuse-panda] task=2 copy=0 src=0 score_mode=hybrid best_action=0.6406717151403427 best_latent=791.1849365234375 best_score=-7.944578619550018e-07 new_copy=0 it=660000 bc=8.004164e-02 keep_ratio=0.3300 active_action_dim_mask=[1, 1, 1, 1]
[tsn-improved-reuse-panda] task=2 copy=0 src=0 score_mode=hybrid best_action=0.6406717151403427 best_latent=791.1849365234375 best_score=-7.944578619550018e-07 new_copy=0 it=680000 bc=9.155134e-02 keep_ratio=0.3300 active_action_dim_mask=[1, 1, 1, 1]
[tsn-improved-reuse-panda] task=2 copy=0 src=0 score_mode=hybrid best_action=0.6406717151403427 best_latent=791.1849365234375 best_score=-7.944578619550018e-07 new_copy=0 it=700000 bc=1.011039e-01 keep_ratio=0.3300 active_action_dim_mask=[1, 1, 1, 1]
[tsn-improved-reuse-panda] task=2 copy=0 src=0 score_mode=hybrid best_action=0.6406717151403427 best_latent=791.1849365234375 best_score=-7.944578619550018e-07 new_copy=0 it=720000 bc=8.018691e-02 keep_ratio=0.3300 active_action_dim_mask=[1, 1, 1, 1]
[tsn-improved-reuse-panda] task=2 copy=0 src=0 score_mode=hybrid best_action=0.6406717151403427 best_latent=791.1849365234375 best_score=-7.944578619550018e-07 new_copy=0 it=740000 bc=8.260413e-02 keep_ratio=0.3300 active_action_dim_mask=[1, 1, 1, 1]
[tsn-improved-reuse-panda] task=2 copy=0 src=0 score_mode=hybrid best_action=0.6406717151403427 best_latent=791.1849365234375 best_score=-7.944578619550018e-07 new_copy=0 it=760000 bc=7.897596e-02 keep_ratio=0.3300 active_action_dim_mask=[1, 1, 1, 1]
[tsn-improved-reuse-panda] task=2 copy=0 src=0 score_mode=hybrid best_action=0.6406717151403427 best_latent=791.1849365234375 best_score=-7.944578619550018e-07 new_copy=0 it=780000 bc=9.172471e-02 keep_ratio=0.3300 active_action_dim_mask=[1, 1, 1, 1]
[tsn-improved-reuse-panda] task=2 copy=0 src=0 score_mode=hybrid best_action=0.6406717151403427 best_latent=791.1849365234375 best_score=-7.944578619550018e-07 new_copy=0 it=800000 bc=8.157852e-02 keep_ratio=0.3300 active_action_dim_mask=[1, 1, 1, 1]
[tsn-improved-reuse-panda] task=2 copy=0 src=0 score_mode=hybrid best_action=0.6406717151403427 best_latent=791.1849365234375 best_score=-7.944578619550018e-07 new_copy=0 it=820000 bc=7.299369e-02 keep_ratio=0.3300 active_action_dim_mask=[1, 1, 1, 1]
[tsn-improved-reuse-panda] task=2 copy=0 src=0 score_mode=hybrid best_action=0.6406717151403427 best_latent=791.1849365234375 best_score=-7.944578619550018e-07 new_copy=0 it=840000 bc=6.367033e-02 keep_ratio=0.3300 active_action_dim_mask=[1, 1, 1, 1]
[tsn-improved-reuse-panda] task=2 copy=0 src=0 score_mode=hybrid best_action=0.6406717151403427 best_latent=791.1849365234375 best_score=-7.944578619550018e-07 new_copy=0 it=860000 bc=8.635182e-02 keep_ratio=0.3300 active_action_dim_mask=[1, 1, 1, 1]
[tsn-improved-reuse-panda] task=2 copy=0 src=0 score_mode=hybrid best_action=0.6406717151403427 best_latent=791.1849365234375 best_score=-7.944578619550018e-07 new_copy=0 it=880000 bc=8.993989e-02 keep_ratio=0.3300 active_action_dim_mask=[1, 1, 1, 1]
[tsn-improved-reuse-panda] task=2 copy=0 src=0 score_mode=hybrid best_action=0.6406717151403427 best_latent=791.1849365234375 best_score=-7.944578619550018e-07 new_copy=0 it=900000 bc=8.685894e-02 keep_ratio=0.3300 active_action_dim_mask=[1, 1, 1, 1]
[tsn-improved-reuse-panda] task=2 copy=0 src=0 score_mode=hybrid best_action=0.6406717151403427 best_latent=791.1849365234375 best_score=-7.944578619550018e-07 new_copy=0 it=920000 bc=7.901113e-02 keep_ratio=0.3300 active_action_dim_mask=[1, 1, 1, 1]
[tsn-improved-reuse-panda] task=2 copy=0 src=0 score_mode=hybrid best_action=0.6406717151403427 best_latent=791.1849365234375 best_score=-7.944578619550018e-07 new_copy=0 it=940000 bc=7.666406e-02 keep_ratio=0.3300 active_action_dim_mask=[1, 1, 1, 1]
[tsn-improved-reuse-panda] task=2 copy=0 src=0 score_mode=hybrid best_action=0.6406717151403427 best_latent=791.1849365234375 best_score=-7.944578619550018e-07 new_copy=0 it=960000 bc=8.264172e-02 keep_ratio=0.3300 active_action_dim_mask=[1, 1, 1, 1]
[tsn-improved-reuse-panda] task=2 copy=0 src=0 score_mode=hybrid best_action=0.6406717151403427 best_latent=791.1849365234375 best_score=-7.944578619550018e-07 new_copy=0 it=980000 bc=8.338060e-02 keep_ratio=0.3300 active_action_dim_mask=[1, 1, 1, 1]
[tsn-improved-reuse-panda] task=2 copy=0 src=0 score_mode=hybrid best_action=0.6406717151403427 best_latent=791.1849365234375 best_score=-7.944578619550018e-07 new_copy=0 it=999999 bc=8.105855e-02 keep_ratio=0.3300 active_action_dim_mask=[1, 1, 1, 1]
[tsn-old-reuse-panda] after task 2: copy=0 occupied_ratio=0.4018 source_task=0 best_kl=None
[eval] after task 3 on PandaReach: -1.482 (target=-0.000320)
[eval] after task 3 on PandaPush: -0.949 (target=-0.436000)
[eval] after task 3 on PandaPickAndPlace: -2.643 (target=-0.001000)

Done. Saved Panda CL results to: /net/people/plgrid/plgdomin088/runs/20260409-085739/panda/tsn_improved_reuse/panda3_impr_hybrid__dm128_L3_H1_K20_drop0.10__rsm-hybrid_hthr0.5_ha0.70
argv[0]=--background_color_red=0.8745098114013672
argv[1]=--background_color_green=0.21176470816135406
argv[2]=--background_color_blue=0.1764705926179886
argv[0]=--background_color_red=0.8745098114013672
argv[1]=--background_color_green=0.21176470816135406
argv[2]=--background_color_blue=0.1764705926179886
argv[0]=--background_color_red=0.8745098114013672
argv[1]=--background_color_green=0.21176470816135406
argv[2]=--background_color_blue=0.1764705926179886
argv[0]=--background_color_red=0.8745098114013672
argv[1]=--background_color_green=0.21176470816135406
argv[2]=--background_color_blue=0.1764705926179886
argv[0]=--background_color_red=0.8745098114013672
argv[1]=--background_color_green=0.21176470816135406
argv[2]=--background_color_blue=0.1764705926179886
argv[0]=--background_color_red=0.8745098114013672
argv[1]=--background_color_green=0.21176470816135406
argv[2]=--background_color_blue=0.1764705926179886
